Component: ARM Compiler 5.05 update 1 (build 106) Tool: armlink [4d0efa]

==============================================================================

Section Cross References

    control.o(.text) refers to motor.o(.text) for Motor_Set_Speed
    control.o(.text) refers to stm32f4xx_gpio.o(.text) for GPIO_SetBits
    control.o(.text) refers to f2d.o(.text) for __aeabi_f2d
    control.o(.text) refers to dadd.o(.text) for __aeabi_drsub
    control.o(.text) refers to d2f.o(.text) for __aeabi_d2f
    control.o(.text) refers to servo.o(.text) for Servo_Set_Angle
    control.o(.text) refers to pid.o(.text) for Control_L1_For_Servo
    control.o(.text) refers to control.o(.data) for .data
    control.o(.text) refers to encoder.o(.bss) for Encoders
    control.o(.text) refers to usart2_dma.o(.data) for yaw
    control.o(.text) refers to ultrasonic.o(.data) for ultra_L2
    control.o(.text) refers to dmul.o(.text) for __aeabi_dmul
    control.o(.text) refers to delay.o(.text) for delay_ms
    control.o(.text) refers to stm32f4xx_tim.o(.text) for TIM_GetITStatus
    control.o(.text) refers to encoder.o(.text) for Read_Encoder_Cnt
    control.o(.text) refers to printfa.o(i.__0sprintf) for __2sprintf
    control.o(.text) refers to strlen.o(.text) for strlen
    control.o(.text) refers to usart1_dma.o(.text) for USART1_DMATransfer
    control.o(.text) refers to ultrasonic.o(.text) for Ultra_Trig
    control.o(.text) refers to control.o(.bss) for .bss
    key.o(.text) refers to stm32f4xx_rcc.o(.text) for RCC_AHB1PeriphClockCmd
    key.o(.text) refers to stm32f4xx_gpio.o(.text) for GPIO_Init
    key.o(.text) refers to delay.o(.text) for delay_ms
    key.o(.text) refers to key.o(.data) for .data
    main.o(.text) refers to misc.o(.text) for NVIC_PriorityGroupConfig
    main.o(.text) refers to delay.o(.text) for delay_init
    main.o(.text) refers to key.o(.text) for Key_Init
    main.o(.text) refers to io.o(.text) for IO_init
    main.o(.text) refers to led.o(.text) for LED_Init
    main.o(.text) refers to servo.o(.text) for TIM4_Servo_PWM_Init
    main.o(.text) refers to ultrasonic.o(.text) for Ultrasonic_Init
    main.o(.text) refers to oled.o(.text) for OLED_Init
    main.o(.text) refers to motor.o(.text) for Motor_Init
    main.o(.text) refers to timer7.o(.text) for TIM7_Init
    main.o(.text) refers to encoder.o(.text) for TIM3_EncoderB_Init
    main.o(.text) refers to pid.o(.text) for PID_Init
    main.o(.text) refers to control.o(.text) for Motor_Stop
    main.o(.text) refers to usart1_dma.o(.text) for USART1_Init
    main.o(.text) refers to usart2_dma.o(.text) for USART2_Init
    main.o(.text) refers to stm32f4xx_gpio.o(.text) for GPIO_ResetBits
    main.o(.text) refers to f2d.o(.text) for __aeabi_f2d
    main.o(.text) refers to dadd.o(.text) for __aeabi_dadd
    main.o(.text) refers to d2f.o(.text) for __aeabi_d2f
    main.o(.text) refers to control.o(.data) for Servo1_Increase
    main.o(.text) refers to usart2_dma.o(.data) for yaw
    main.o(.text) refers to main.o(.data) for .data
    main.o(.text) refers to pid.o(.bss) for PID_9250_Forward_motor
    main.o(.text) refers to ultrasonic.o(.data) for ultra_F1
    system_stm32f4xx.o(.text) refers to system_stm32f4xx.o(.data) for .data
    delay.o(.text) refers to misc.o(.text) for SysTick_CLKSourceConfig
    delay.o(.text) refers to delay.o(.data) for .data
    pid.o(.text) refers to pid.o(.bss) for .bss
    pid.o(.text) refers to control.o(.data) for Servo1_Increase
    pid.o(.text) refers to f2d.o(.text) for __aeabi_f2d
    pid.o(.text) refers to dmul.o(.text) for __aeabi_dmul
    pid.o(.text) refers to d2f.o(.text) for __aeabi_d2f
    led.o(.text) refers to stm32f4xx_rcc.o(.text) for RCC_AHB1PeriphClockCmd
    led.o(.text) refers to stm32f4xx_gpio.o(.text) for GPIO_Init
    beep.o(.text) refers to stm32f4xx_rcc.o(.text) for RCC_AHB1PeriphClockCmd
    beep.o(.text) refers to stm32f4xx_gpio.o(.text) for GPIO_Init
    beep.o(.text) refers to delay.o(.text) for delay_ms
    oled.o(.text) refers to oled.o(.bss) for .bss
    oled.o(.text) refers to oled.o(.constdata) for .constdata
    oled.o(.text) refers to stm32f4xx_rcc.o(.text) for RCC_AHB1PeriphClockCmd
    oled.o(.text) refers to stm32f4xx_gpio.o(.text) for GPIO_Init
    oled.o(.text) refers to oled.o(.data) for .data
    usart1_dma.o(.text) refers to stm32f4xx_rcc.o(.text) for RCC_APB2PeriphClockCmd
    usart1_dma.o(.text) refers to misc.o(.text) for NVIC_Init
    usart1_dma.o(.text) refers to stm32f4xx_dma.o(.text) for DMA_DeInit
    usart1_dma.o(.text) refers to stm32f4xx_usart.o(.text) for USART_DMACmd
    usart1_dma.o(.text) refers to stm32f4xx_gpio.o(.text) for GPIO_PinAFConfig
    usart1_dma.o(.text) refers to usart1_dma.o(.bss) for .bss
    usart2_dma.o(.text) refers to stm32f4xx_rcc.o(.text) for RCC_APB1PeriphClockCmd
    usart2_dma.o(.text) refers to misc.o(.text) for NVIC_Init
    usart2_dma.o(.text) refers to stm32f4xx_dma.o(.text) for DMA_DeInit
[...]
    .text                                    0x08000e00   Section        0  main.o(.text)
    .text                                    0x08001250   Section        0  stm32f4xx_it.o(.text)
    .text                                    0x08001264   Section        0  system_stm32f4xx.o(.text)
    SetSysClock                              0x08001265   Thumb Code   162  system_stm32f4xx.o(.text)
    .text                                    0x080013e0   Section        0  delay.o(.text)
    .text                                    0x08001498   Section        0  pid.o(.text)
    .text                                    0x08002968   Section        0  led.o(.text)
    .text                                    0x0800299c   Section        0  oled.o(.text)
    .text                                    0x0800303c   Section        0  usart1_dma.o(.text)
    .text                                    0x0800339c   Section        0  usart2_dma.o(.text)
    .text                                    0x080036fc   Section        0  usart3_dma.o(.text)
    .text                                    0x08003a6c   Section        0  uart4_dma.o(.text)
    .text                                    0x08003dd0   Section        0  timer7.o(.text)
    .text                                    0x08003e30   Section        0  servo.o(.text)
    .text                                    0x08004320   Section        0  ultrasonic.o(.text)
    .text                                    0x08004cdc   Section        0  motor.o(.text)
    .text                                    0x080050cc   Section        0  encoder.o(.text)
    .text                                    0x080053fc   Section        0  filter.o(.text)
    .text                                    0x08005978   Section        0  io.o(.text)
    .text                                    0x08005a48   Section       36  startup_stm32f40_41xxx.o(.text)
    $v0                                      0x08005a48   Number         0  startup_stm32f40_41xxx.o(.text)
    .text                                    0x08005a6c   Section        0  misc.o(.text)
    .text                                    0x08005b1c   Section        0  stm32f4xx_dma.o(.text)
    .text                                    0x08005e3c   Section        0  stm32f4xx_gpio.o(.text)
    .text                                    0x08006048   Section        0  stm32f4xx_rcc.o(.text)
    .text                                    0x080064c8   Section        0  stm32f4xx_tim.o(.text)
    TI2_Config                               0x08006b13   Thumb Code    54  stm32f4xx_tim.o(.text)
    TI1_Config                               0x08006e77   Thumb Code    46  stm32f4xx_tim.o(.text)
    .text                                    0x08006ea4   Section        0  stm32f4xx_usart.o(.text)
    .text                                    0x080071fc   Section        0  siabs.o(.text)
    .text                                    0x08007204   Section        0  strlen.o(.text)
    .text                                    0x08007212   Section        0  dadd.o(.text)
    .text                                    0x08007360   Section        0  dmul.o(.text)
    .text                                    0x08007444   Section        0  dfixui.o(.text)
    .text                                    0x08007476   Section        0  f2d.o(.text)
    .text                                    0x0800749c   Section        0  d2f.o(.text)
    .text                                    0x080074d4   Section        0  uidiv.o(.text)
    .text                                    0x08007500   Section        0  uldiv.o(.text)
    .text                                    0x08007562   Section        0  llshl.o(.text)
    .text                                    0x08007580   Section        0  llushr.o(.text)
    .text                                    0x080075a0   Section        0  llsshr.o(.text)
    .text                                    0x080075c4   Section        0  iusefp.o(.text)
    .text                                    0x080075c4   Section        0  fepilogue.o(.text)
    .text                                    0x08007632   Section        0  depilogue.o(.text)
    .text                                    0x080076ec   Section        0  ddiv.o(.text)
    .text                                    0x080077ca   Section        0  dfixul.o(.text)
    .text                                    0x080077fc   Section       48  cdrcmple.o(.text)
    .text                                    0x0800782c   Section       36  init.o(.text)
    .text                                    0x08007850   Section        0  __dczerorl2.o(.text)
    i.__0sprintf                             0x080078a8   Section        0  printfa.o(i.__0sprintf)
    i.__scatterload_copy                     0x080078d0   Section       14  handlers.o(i.__scatterload_copy)
    i.__scatterload_null                     0x080078de   Section        2  handlers.o(i.__scatterload_null)
    i.__scatterload_zeroinit                 0x080078e0   Section       14  handlers.o(i.__scatterload_zeroinit)
    i._fp_digits                             0x080078f0   Section        0  printfa.o(i._fp_digits)
    _fp_digits                               0x080078f1   Thumb Code   334  printfa.o(i._fp_digits)
    i._printf_core                           0x08007a54   Section        0  printfa.o(i._printf_core)
    _printf_core                             0x08007a55   Thumb Code  1744  printfa.o(i._printf_core)
    i._printf_post_padding                   0x08008130   Section        0  printfa.o(i._printf_post_padding)
    _printf_post_padding                     0x08008131   Thumb Code    36  printfa.o(i._printf_post_padding)
    i._printf_pre_padding                    0x08008154   Section        0  printfa.o(i._printf_pre_padding)
    _printf_pre_padding                      0x08008155   Thumb Code    46  printfa.o(i._printf_pre_padding)
    i._sputc                                 0x08008182   Section        0  printfa.o(i._sputc)
    _sputc                                   0x08008183   Thumb Code    10  printfa.o(i._sputc)
    i.free                                   0x0800818c   Section        0  malloc.o(i.free)
    i.malloc                                 0x080081dc   Section        0  malloc.o(i.malloc)
    .constdata                               0x08008248   Section     6080  oled.o(.constdata)
    .data                                    0x20000000   Section      160  control.o(.data)
    time_1ms                                 0x20000010   Data           2  control.o(.data)
    time_5ms                                 0x20000012   Data           2  control.o(.data)
    time_10ms                                0x20000014   Data           2  control.o(.data)
    time_25ms                                0x20000016   Data           2  control.o(.data)
    time_50ms                                0x20000018   Data           2  control.o(.data)
    time_200ms                               0x2000001a   Data           2  control.o(.data)
    time_500ms                               0x2000001c   Data           2  control.o(.data)
    time_1000ms                              0x2000001e   Data           2  control.o(.data)
    time_1500ms                              0x20000020   Data           2  control.o(.data)
    time_zuowu                               0x20000022   Data           2  control.o(.data)
    disA_desired                             0x2000009c   Data           4  control.o(.data)
    .data                                    0x200000a0   Section        1  key.o(.data)
    key_up                                   0x200000a0   Data           1  key.o(.data)
    .data                                    0x200000a4   Section        4  main.o(.data)
    .data                                    0x200000a8   Section       20  system_stm32f4xx.o(.data)
    .data                                    0x200000bc   Section        4  delay.o(.data)
    fac_us                                   0x200000bc   Data           1  delay.o(.data)
    fac_ms                                   0x200000be   Data           2  delay.o(.data)
    .data                                    0x200000c0   Section      192  oled.o(.data)
    .data                                    0x20000180   Section       20  usart2_dma.o(.data)
    .data                                    0x20000194   Section      192  ultrasonic.o(.data)
    .data                                    0x20000254   Section        4  ultrasonic.o(.data)
    .data                                    0x20000258   Section        4  ultrasonic.o(.data)
    .data                                    0x2000025c   Section        4  ultrasonic.o(.data)
    .data                                    0x20000260   Section        4  ultrasonic.o(.data)
    .data                                    0x20000264   Section        4  ultrasonic.o(.data)
    .data                                    0x20000268   Section        4  ultrasonic.o(.data)
    .data                                    0x2000026c   Section        8  encoder.o(.data)
    max                                      0x2000026c   Data           4  encoder.o(.data)
    min                                      0x20000270   Data           4  encoder.o(.data)
    .data                                    0x20000274   Section       20  filter.o(.data)
    max                                      0x20000274   Data           2  filter.o(.data)
    min                                      0x20000276   Data           2  filter.o(.data)
    max1                                     0x20000278   Data           2  filter.o(.data)
    max2                                     0x2000027a   Data           2  filter.o(.data)
    max                                      0x2000027c   Data           2  filter.o(.data)
    min                                      0x2000027e   Data           2  filter.o(.data)
    kalman                                   0x20000280   Data           4  filter.o(.data)
    p                                        0x20000284   Data           4  filter.o(.data)
    .data                                    0x20000288   Section       16  stm32f4xx_rcc.o(.data)
    APBAHBPrescTable                         0x20000288   Data          16  stm32f4xx_rcc.o(.data)
    .data                                    0x20000298   Section        4  mvars.o(.data)
    .data                                    0x2000029c   Section        4  mvars.o(.data)
    .bss                                     0x200002a0   Section       20  control.o(.bss)
    .bss                                     0x200002b4   Section     2380  pid.o(.bss)
    .bss                                     0x20000c00   Section     1024  oled.o(.bss)
    .bss                                     0x20001000   Section       80  usart1_dma.o(.bss)
    Send_DATA                                0x20001000   Data          50  usart1_dma.o(.bss)
    .bss                                     0x20001050   Section       22  usart2_dma.o(.bss)
    .bss                                     0x20001066   Section       80  usart3_dma.o(.bss)
    Send_DATA                                0x20001066   Data          50  usart3_dma.o(.bss)
    .bss                                     0x200010b6   Section       80  uart4_dma.o(.bss)
    Send_DATA                                0x200010b6   Data          50  uart4_dma.o(.bss)
    .bss                                     0x20001108   Section      624  ultrasonic.o(.bss)
    .bss                                     0x20001378   Section      128  encoder.o(.bss)
    HEAP                                     0x200013f8   Section      512  startup_stm32f40_41xxx.o(HEAP)
    STACK                                    0x200015f8   Section     1024  startup_stm32f40_41xxx.o(STACK)

    Global Symbols

    Symbol Name                              Value     Ov Type        Size  Object(Section)

    BuildAttributes$$THM_ISAv4$E$P$D$K$B$S$7EM$VFPi3$EXTD16$VFPS$VFMA$PE$A:L22UL41UL21$X:L11$S22US41US21$IEEE1$IW$USESV6$~STKCKD$USESV7$~SHL$OTIME$ROPI$EBA8$MICROLIB$REQ8$PRES8$EABIv2 0x00000000   Number         0  anon$$obj.o ABSOLUTE
    __ARM_use_no_argv                        0x00000000   Number         0  main.o ABSOLUTE
    _printf_a                                0x00000000   Number         0  stubs.o ABSOLUTE
    _printf_c                                0x00000000   Number         0  stubs.o ABSOLUTE
    _printf_charcount                        0x00000000   Number         0  stubs.o ABSOLUTE
    _printf_d                                0x00000000   Number         0  stubs.o ABSOLUTE
    _printf_e                                0x00000000   Number         0  stubs.o ABSOLUTE
    _printf_f                                0x00000000   Number         0  stubs.o ABSOLUTE
    _printf_flags                            0x00000000   Number         0  stubs.o ABSOLUTE
    _printf_fp_dec                           0x00000000   Number         0  stubs.o ABSOLUTE
    _printf_fp_hex                           0x00000000   Number         0  stubs.o ABSOLUTE
    _printf_g                                0x00000000   Number         0  stubs.o ABSOLUTE
    _printf_i                                0x00000000   Number         0  stubs.o ABSOLUTE
    _printf_int_dec                          0x00000000   Number         0  stubs.o ABSOLUTE
    _printf_l                                0x00000000   Number         0  stubs.o ABSOLUTE
    _printf_lc                               0x00000000   Number         0  stubs.o ABSOLUTE
    _printf_ll                               0x00000000   Number         0  stubs.o ABSOLUTE
    _printf_lld                              0x00000000   Number         0  stubs.o ABSOLUTE
    _printf_lli                              0x00000000   Number         0  stubs.o ABSOLUTE
    _printf_llo                              0x00000000   Number         0  stubs.o ABSOLUTE
    _printf_llu                              0x00000000   Number         0  stubs.o ABSOLUTE
    _printf_llx                              0x00000000   Number         0  stubs.o ABSOLUTE
    _printf_longlong_dec                     0x00000000   Number         0  stubs.o ABSOLUTE
    _printf_longlong_hex                     0x00000000   Number         0  stubs.o ABSOLUTE
    _printf_longlong_oct                     0x00000000   Number         0  stubs.o ABSOLUTE
    _printf_ls                               0x00000000   Number         0  stubs.o ABSOLUTE
    _printf_mbtowc                           0x00000000   Number         0  stubs.o ABSOLUTE
    _printf_n                                0x00000000   Number         0  stubs.o ABSOLUTE
    _printf_o                                0x00000000   Number         0  stubs.o ABSOLUTE
    _printf_p                                0x00000000   Number         0  stubs.o ABSOLUTE
    _printf_percent                          0x00000000   Number         0  stubs.o ABSOLUTE
    _printf_pre_padding                      0x00000000   Number         0  stubs.o ABSOLUTE
    _printf_return_value                     0x00000000   Number         0  stubs.o ABSOLUTE
    _printf_s                                0x00000000   Number         0  stubs.o ABSOLUTE
    _printf_sizespec                         0x00000000   Number         0  stubs.o ABSOLUTE
    _printf_str                              0x00000000   Number         0  stubs.o ABSOLUTE
    _printf_truncate_signed                  0x00000000   Number         0  stubs.o ABSOLUTE
    _printf_truncate_unsigned                0x00000000   Number         0  stubs.o ABSOLUTE
    _printf_u                                0x00000000   Number         0  stubs.o ABSOLUTE
    _printf_wc                               0x00000000   Number         0  stubs.o ABSOLUTE
    _printf_wctomb                           0x00000000   Number         0  stubs.o ABSOLUTE
    _printf_widthprec                        0x00000000   Number         0  stubs.o ABSOLUTE
    _printf_x                                0x00000000   Number         0  stubs.o ABSOLUTE
    __cpp_initialize__aeabi_                  - Undefined Weak Reference
    __cxa_finalize                            - Undefined Weak Reference
    _clock_init                               - Undefined Weak Reference
    _microlib_exit                            - Undefined Weak Reference
    __Vectors_Size                           0x00000188   Number         0  startup_stm32f40_41xxx.o ABSOLUTE
    __Vectors                                0x08000000   Data           4  startup_stm32f40_41xxx.o(RESET)
    __Vectors_End                            0x08000188   Data           0  startup_stm32f40_41xxx.o(RESET)
    __main                                   0x08000189   Thumb Code     0  entry.o(.ARM.Collect$$$$00000000)
    _main_stk                                0x08000189   Thumb Code     0  entry2.o(.ARM.Collect$$$$00000001)
    _main_scatterload                        0x0800018d   Thumb Code     0  entry5.o(.ARM.Collect$$$$00000004)
    __main_after_scatterload                 0x08000191   Thumb Code     0  entry5.o(.ARM.Collect$$$$00000004)
    _main_clock                              0x08000191   Thumb Code     0  entry7b.o(.ARM.Collect$$$$00000008)
    _main_cpp_init                           0x08000191   Thumb Code     0  entry8b.o(.ARM.Collect$$$$0000000A)
    _main_init                               0x08000191   Thumb Code     0  entry9a.o(.ARM.Collect$$$$0000000B)
    __rt_final_cpp                           0x08000199   Thumb Code     0  entry10a.o(.ARM.Collect$$$$0000000D)
    __rt_final_exit                          0x08000199   Thumb Code     0  entry11a.o(.ARM.Collect$$$$0000000F)
    Motor_Stop                               0x0800019d   Thumb Code    24  control.o(.text)
    Motor_Back_last                          0x080001b5   Thumb Code    28  control.o(.text)
    Servo_Forw                               0x080001d1   Thumb Code    36  control.o(.text)
    ChuLong                                  0x080001f5   Thumb Code    80  control.o(.text)
    Servo_Turn                               0x08000245   Thumb Code    36  control.o(.text)
    Motor_Back                               0x08000269   Thumb Code    28  control.o(.text)
    HuanLong                                 0x08000285   Thumb Code   262  control.o(.text)
    Select_PID                               0x0800038b   Thumb Code   696  control.o(.text)
    Motor_SlowDown                           0x08000643   Thumb Code   104  control.o(.text)
    Motor_Left_last                          0x080006ab   Thumb Code    28  control.o(.text)
    Motor_Left                               0x080006c7   Thumb Code    28  control.o(.text)
    Motor_Right                              0x080006e3   Thumb Code    28  control.o(.text)
    Motor_Forw                               0x080006ff   Thumb Code    24  control.o(.text)
    Select_Motor_Speed                       0x08000717   Thumb Code    82  control.o(.text)
    Select_Servo_Angle                       0x08000769   Thumb Code    70  control.o(.text)
    Detect_Flag_Slowdown                     0x080007af   Thumb Code    72  control.o(.text)
    Detect_Flag_Mv                           0x080007f7   Thumb Code    80  control.o(.text)
    LightStop                                0x08000847   Thumb Code   104  control.o(.text)
    Detect_Flag_Step                         0x080008af   Thumb Code   582  control.o(.text)
    TIM7_IRQHandler                          0x08000af5   Thumb Code   436  control.o(.text)
    Servo_Forw_pre                           0x08000ca9   Thumb Code    36  control.o(.text)
    IQR_Delay                                0x08000ccd   Thumb Code    34  control.o(.text)
    Key_Init                                 0x08000d29   Thumb Code    78  key.o(.text)
    Key_Scan                                 0x08000d77   Thumb Code   126  key.o(.text)
    main                                     0x08000e01   Thumb Code   896  main.o(.text)
    NMI_Handler                              0x08001251   Thumb Code     2  stm32f4xx_it.o(.text)
    HardFault_Handler                        0x08001253   Thumb Code     2  stm32f4xx_it.o(.text)
    MemManage_Handler                        0x08001255   Thumb Code     2  stm32f4xx_it.o(.text)
    BusFault_Handler                         0x08001257   Thumb Code     2  stm32f4xx_it.o(.text)
    UsageFault_Handler                       0x08001259   Thumb Code     2  stm32f4xx_it.o(.text)
    SVC_Handler                              0x0800125b   Thumb Code     2  stm32f4xx_it.o(.text)
    DebugMon_Handler                         0x0800125d   Thumb Code     2  stm32f4xx_it.o(.text)
    PendSV_Handler                           0x0800125f   Thumb Code     2  stm32f4xx_it.o(.text)
    SysTick_Handler                          0x08001261   Thumb Code     2  stm32f4xx_it.o(.text)
    SystemInit                               0x08001307   Thumb Code    74  system_stm32f4xx.o(.text)
    SystemCoreClockUpdate                    0x08001351   Thumb Code   108  system_stm32f4xx.o(.text)
    delay_init                               0x080013e1   Thumb Code    38  delay.o(.text)
    delay_us                                 0x08001407   Thumb Code    46  delay.o(.text)
    delay_xms                                0x08001435   Thumb Code    46  delay.o(.text)
    delay_ms                                 0x08001463   Thumb Code    50  delay.o(.text)
    PID_Init                                 0x08001499   Thumb Code  1786  pid.o(.text)
    Pid_Update                               0x08001b93   Thumb Code   202  pid.o(.text)
    Control_L1_For_Servo                     0x08001c5d   Thumb Code    40  pid.o(.text)
    Control_L2_For_Servo                     0x08001c85   Thumb Code    42  pid.o(.text)
    Control_L1_Back_Servo                    0x08001caf   Thumb Code    46  pid.o(.text)
    Control_L2_Back_Servo                    0x08001cdd   Thumb Code    46  pid.o(.text)
    Control_L1_Backlast_Servo                0x08001d0b   Thumb Code    94  pid.o(.text)
    Control_L2_Backlast_Servo                0x08001d69   Thumb Code    44  pid.o(.text)
    Control_R1_For_Servo                     0x08001d95   Thumb Code    42  pid.o(.text)
    Control_R2_Back_Servo                    0x08001dbf   Thumb Code    42  pid.o(.text)
    Control_R1_Back_Servo                    0x08001de9   Thumb Code    42  pid.o(.text)
    Control_F1_Left_Servo                    0x08001e13   Thumb Code    44  pid.o(.text)
    Control_F2_Left_Servo                    0x08001e3f   Thumb Code    46  pid.o(.text)
    Control_F1_Left_Last_Servo               0x08001e6d   Thumb Code    46  pid.o(.text)
    Control_F2_Left_Last_Servo               0x08001e9b   Thumb Code    46  pid.o(.text)
    Control_F1_Right_Servo                   0x08001ec9   Thumb Code    40  pid.o(.text)
    Control_F2_Right_Servo                   0x08001ef1   Thumb Code    42  pid.o(.text)
    Control_R1_Right_Servo                   0x08001f1b   Thumb Code   320  pid.o(.text)
    Control_L1_Left_Servo                    0x0800205b   Thumb Code   318  pid.o(.text)
    Control_Back_L_Servo                     0x08002199   Thumb Code    86  pid.o(.text)
    Control_Back_R_Servo                     0x080021ef   Thumb Code    82  pid.o(.text)
    Control_F1_Left_Motor                    0x08002241   Thumb Code    56  pid.o(.text)
    Control_F2_Right_Motor                   0x08002279   Thumb Code    58  pid.o(.text)
    Control_L1_For_Motor                     0x080022b3   Thumb Code    58  pid.o(.text)
    Control_L2_For_Motor                     0x080022ed   Thumb Code    58  pid.o(.text)
    Contrl_9250_Forward                      0x08002327   Thumb Code    56  pid.o(.text)
    Contrl_9250_Forwardl                     0x0800235f   Thumb Code    52  pid.o(.text)
    Contrl_9250_Back                         0x08002393   Thumb Code    46  pid.o(.text)
    Contrl_9250_Back_last                    0x080023c1   Thumb Code    46  pid.o(.text)
    Contrl_9250_Forward_motor                0x080023ef   Thumb Code    58  pid.o(.text)
    Contrl_9250_Right                        0x08002429   Thumb Code    70  pid.o(.text)
    Contrl_9250_Left                         0x0800246f   Thumb Code    70  pid.o(.text)
    Contrl_9250_Left_Last                    0x080024b5   Thumb Code    68  pid.o(.text)
    Contrl_9250_Back_motor                   0x080024f9   Thumb Code    56  pid.o(.text)
    Contrl_9250_Right_slow                   0x08002531   Thumb Code   228  pid.o(.text)
    Contrl_9250_Left_slow                    0x08002615   Thumb Code   130  pid.o(.text)
    Contrl_9250_Back_last_motor              0x08002697   Thumb Code    60  pid.o(.text)
    Control_R1_Right_Servo_new               0x080026d3   Thumb Code   310  pid.o(.text)
    Control_L1_Left_Servo_new                0x08002809   Thumb Code   236  pid.o(.text)
    LED_Init                                 0x08002969   Thumb Code    48  led.o(.text)
    OLED_WR_Byte                             0x0800299d   Thumb Code    62  oled.o(.text)
    OLED_Refresh_Gram                        0x080029db   Thumb Code    66  oled.o(.text)
    OLED_Display_On                          0x08002a1d   Thumb Code    28  oled.o(.text)
    OLED_Display_Off                         0x08002a39   Thumb Code    28  oled.o(.text)
    OLED_Clear                               0x08002a55   Thumb Code    34  oled.o(.text)
    OLED_DrawPoint                           0x08002a77   Thumb Code    54  oled.o(.text)
    OLED_Fill                                0x08002aad   Thumb Code    54  oled.o(.text)
    OLED_ShowChar                            0x08002ae3   Thumb Code   166  oled.o(.text)
    mypow                                    0x08002b89   Thumb Code    16  oled.o(.text)
    OLED_ShowNum                             0x08002b99   Thumb Code   118  oled.o(.text)
    OLED_ShowString                          0x08002c0f   Thumb Code    86  oled.o(.text)
    OLED_ShowIntNum                          0x08002c65   Thumb Code    60  oled.o(.text)
    OLED_Show3FNum                           0x08002ca1   Thumb Code   480  oled.o(.text)
    OLED_ShowCHinese                         0x08002e81   Thumb Code    94  oled.o(.text)
    OLED_Init                                0x08002edf   Thumb Code   338  oled.o(.text)
    USART1_Init                              0x0800303d   Thumb Code   450  usart1_dma.o(.text)
    USART1_DMATransfer                       0x080031ff   Thumb Code    38  usart1_dma.o(.text)
    DMA2_S2_Reset                            0x08003225   Thumb Code    40  usart1_dma.o(.text)
    USART1_IRQHandler                        0x0800324d   Thumb Code    66  usart1_dma.o(.text)
    DMA2_Stream7_IRQHandler                  0x0800328f   Thumb Code    54  usart1_dma.o(.text)
    USART1_Upper_f_Computer                  0x080032c5   Thumb Code   190  usart1_dma.o(.text)
    USART2_Init                              0x0800339d   Thumb Code   464  usart2_dma.o(.text)
    USART2_DMATransfer                       0x0800356d   Thumb Code    38  usart2_dma.o(.text)
    DMA1_S5_Reset                            0x08003593   Thumb Code    44  usart2_dma.o(.text)
    USART2_IRQHandler                        0x080035bf   Thumb Code   210  usart2_dma.o(.text)
    DMA1_Stream6_IRQHandler                  0x08003691   Thumb Code    54  usart2_dma.o(.text)
    USART3_Init                              0x080036fd   Thumb Code   468  usart3_dma.o(.text)
    USART3_DMATransfer                       0x080038d1   Thumb Code    34  usart3_dma.o(.text)
    DMA1_S1_Reset                            0x080038f3   Thumb Code    42  usart3_dma.o(.text)
    USART3_IRQHandler                        0x0800391d   Thumb Code    68  usart3_dma.o(.text)
    DMA1_Stream3_IRQHandler                  0x08003961   Thumb Code    54  usart3_dma.o(.text)
    USART3_Upper_f_Computer                  0x08003997   Thumb Code   190  usart3_dma.o(.text)
    UART4_Init                               0x08003a6d   Thumb Code   464  uart4_dma.o(.text)
    UART4_DMATransfer                        0x08003c3d   Thumb Code    32  uart4_dma.o(.text)
    DMA1_S2_Reset                            0x08003c5d   Thumb Code    42  uart4_dma.o(.text)
    UART4_IRQHandler                         0x08003c87   Thumb Code    68  uart4_dma.o(.text)
    DMA1_Stream4_IRQHandler                  0x08003ccb   Thumb Code    54  uart4_dma.o(.text)
    UART4_Upper_f_Computer                   0x08003d01   Thumb Code   180  uart4_dma.o(.text)
    TIM7_Init                                0x08003dd1   Thumb Code    90  timer7.o(.text)
    TIM4_Servo_PWM_Init                      0x08003e31   Thumb Code   232  servo.o(.text)
    TIM8_Servo_PWM_Init                      0x08003f19   Thumb Code   238  servo.o(.text)
    SERVO1_Set_Angle                         0x08004007   Thumb Code    78  servo.o(.text)
    SERVO2_Set_Angle                         0x08004055   Thumb Code    78  servo.o(.text)
    SERVO3_Set_Angle                         0x080040a3   Thumb Code    78  servo.o(.text)
    SERVO4_Set_Angle                         0x080040f1   Thumb Code    78  servo.o(.text)
    SERVO5_Set_Angle                         0x0800413f   Thumb Code    78  servo.o(.text)
    SERVO6_Set_Angle                         0x0800418d   Thumb Code    78  servo.o(.text)
    SERVO7_Set_Angle                         0x080041db   Thumb Code   122  servo.o(.text)
    SERVO8_Set_Angle                         0x08004255   Thumb Code    76  servo.o(.text)
    Servo_Set_Angle                          0x080042a1   Thumb Code    84  servo.o(.text)
    Ultra_TIM9_Init                          0x08004321   Thumb Code   204  ultrasonic.o(.text)
    Ultra_TIM2_Init                          0x080043ed   Thumb Code   350  ultrasonic.o(.text)
    Ultrasonic_Init                          0x0800454b   Thumb Code   282  ultrasonic.o(.text)
    TIM2_IRQHandler                          0x08004665   Thumb Code  1030  ultrasonic.o(.text)
    TIM1_BRK_TIM9_IRQHandler                 0x08004a6b   Thumb Code   486  ultrasonic.o(.text)
    Delay_ULTRA                              0x08004c51   Thumb Code    20  ultrasonic.o(.text)
    Ultra_Trig                               0x08004c65   Thumb Code    92  ultrasonic.o(.text)
    ultra_Filter                             0x08004cc1   Thumb Code    10  ultrasonic.o(.text)
    TIM1_Motor_PWM_Init                      0x08004cdd   Thumb Code   294  motor.o(.text)
    Motor_Init                               0x08004e03   Thumb Code   250  motor.o(.text)
    myabs                                    0x08004efd   Thumb Code     8  motor.o(.text)
    Motor_Set_Speed                          0x08004f05   Thumb Code   364  motor.o(.text)
    TIM3_EncoderB_Init                       0x080050cd   Thumb Code   174  encoder.o(.text)
    TIM5_EncoderA_Init                       0x0800517b   Thumb Code   172  encoder.o(.text)
    Read_Encoder_Cnt                         0x08005227   Thumb Code   110  encoder.o(.text)
    Encoder_Filter                           0x08005295   Thumb Code   204  encoder.o(.text)
    Solve_EncoData                           0x08005361   Thumb Code   120  encoder.o(.text)
    medFilter                                0x080053fd   Thumb Code   176  filter.o(.text)
    meanFilter                               0x080054ad   Thumb Code    76  filter.o(.text)
    meanFilter_Float                         0x080054f9   Thumb Code    76  filter.o(.text)
    enhanceMeanFilter                        0x08005545   Thumb Code   210  filter.o(.text)
    MeanFilterLimit                          0x08005617   Thumb Code   252  filter.o(.text)
    Average_Filter                           0x08005713   Thumb Code   118  filter.o(.text)
    Enaverage_Filter                         0x08005789   Thumb Code   194  filter.o(.text)
    KalmanFilter                             0x0800584b   Thumb Code    82  filter.o(.text)
    EdgeFilter                               0x0800589d   Thumb Code   170  filter.o(.text)
    IO_init                                  0x08005979   Thumb Code   194  io.o(.text)
    Reset_Handler                            0x08005a49   Thumb Code     8  startup_stm32f40_41xxx.o(.text)
    ADC_IRQHandler                           0x08005a63   Thumb Code     0  startup_stm32f40_41xxx.o(.text)
    CAN1_RX0_IRQHandler                      0x08005a63   Thumb Code     0  startup_stm32f40_41xxx.o(.text)
    CAN1_RX1_IRQHandler                      0x08005a63   Thumb Code     0  startup_stm32f40_41xxx.o(.text)
    CAN1_SCE_IRQHandler                      0x08005a63   Thumb Code     0  startup_stm32f40_41xxx.o(.text)
    CAN1_TX_IRQHandler                       0x08005a63   Thumb Code     0  startup_stm32f40_41xxx.o(.text)
    CAN2_RX0_IRQHandler                      0x08005a63   Thumb Code     0  startup_stm32f40_41xxx.o(.text)
    CAN2_RX1_IRQHandler                      0x08005a63   Thumb Code     0  startup_stm32f40_41xxx.o(.text)
    CAN2_SCE_IRQHandler                      0x08005a63   Thumb Code     0  startup_stm32f40_41xxx.o(.text)
    CAN2_TX_IRQHandler                       0x08005a63   Thumb Code     0  startup_stm32f40_41xxx.o(.text)
    CRYP_IRQHandler                          0x08005a63   Thumb Code     0  startup_stm32f40_41xxx.o(.text)
    DCMI_IRQHandler                          0x08005a63   Thumb Code     0  startup_stm32f40_41xxx.o(.text)
    DMA1_Stream0_IRQHandler                  0x08005a63   Thumb Code     0  startup_stm32f40_41xxx.o(.text)
    DMA1_Stream1_IRQHandler                  0x08005a63   Thumb Code     0  startup_stm32f40_41xxx.o(.text)
    DMA1_Stream2_IRQHandler                  0x08005a63   Thumb Code     0  startup_stm32f40_41xxx.o(.text)
    DMA1_Stream5_IRQHandler                  0x08005a63   Thumb Code     0  startup_stm32f40_41xxx.o(.text)
    DMA1_Stream7_IRQHandler                  0x08005a63   Thumb Code     0  startup_stm32f40_41xxx.o(.text)
    DMA2_Stream0_IRQHandler                  0x08005a63   Thumb Code     0  startup_stm32f40_41xxx.o(.text)
    DMA2_Stream1_IRQHandler                  0x08005a63   Thumb Code     0  startup_stm32f40_41xxx.o(.text)
    DMA2_Stream2_IRQHandler                  0x08005a63   Thumb Code     0  startup_stm32f40_41xxx.o(.text)
    DMA2_Stream3_IRQHandler                  0x08005a63   Thumb Code     0  startup_stm32f40_41xxx.o(.text)
    DMA2_Stream4_IRQHandler                  0x08005a63   Thumb Code     0  startup_stm32f40_41xxx.o(.text)
    DMA2_Stream5_IRQHandler                  0x08005a63   Thumb Code     0  startup_stm32f40_41xxx.o(.text)
    DMA2_Stream6_IRQHandler                  0x08005a63   Thumb Code     0  startup_stm32f40_41xxx.o(.text)
    ETH_IRQHandler                           0x08005a63   Thumb Code     0  startup_stm32f40_41xxx.o(.text)
    ETH_WKUP_IRQHandler                      0x08005a63   Thumb Code     0  startup_stm32f40_41xxx.o(.text)
    EXTI0_IRQHandler                         0x08005a63   Thumb Code     0  startup_stm32f40_41xxx.o(.text)
    EXTI15_10_IRQHandler                     0x08005a63   Thumb Code     0  startup_stm32f40_41xxx.o(.text)
    EXTI1_IRQHandler                         0x08005a63   Thumb Code     0  startup_stm32f40_41xxx.o(.text)
    EXTI2_IRQHandler                         0x08005a63   Thumb Code     0  startup_stm32f40_41xxx.o(.text)
    EXTI3_IRQHandler                         0x08005a63   Thumb Code     0  startup_stm32f40_41xxx.o(.text)
    EXTI4_IRQHandler                         0x08005a63   Thumb Code     0  startup_stm32f40_41xxx.o(.text)
    EXTI9_5_IRQHandler                       0x08005a63   Thumb Code     0  startup_stm32f40_41xxx.o(.text)
    FLASH_IRQHandler                         0x08005a63   Thumb Code     0  startup_stm32f40_41xxx.o(.text)
    FPU_IRQHandler                           0x08005a63   Thumb Code     0  startup_stm32f40_41xxx.o(.text)
    FSMC_IRQHandler                          0x08005a63   Thumb Code     0  startup_stm32f40_41xxx.o(.text)
    HASH_RNG_IRQHandler                      0x08005a63   Thumb Code     0  startup_stm32f40_41xxx.o(.text)
    I2C1_ER_IRQHandler                       0x08005a63   Thumb Code     0  startup_stm32f40_41xxx.o(.text)
    I2C1_EV_IRQHandler                       0x08005a63   Thumb Code     0  startup_stm32f40_41xxx.o(.text)
    I2C2_ER_IRQHandler                       0x08005a63   Thumb Code     0  startup_stm32f40_41xxx.o(.text)
    I2C2_EV_IRQHandler                       0x08005a63   Thumb Code     0  startup_stm32f40_41xxx.o(.text)
    I2C3_ER_IRQHandler                       0x08005a63   Thumb Code     0  startup_stm32f40_41xxx.o(.text)
    I2C3_EV_IRQHandler                       0x08005a63   Thumb Code     0  startup_stm32f40_41xxx.o(.text)
    OTG_FS_IRQHandler                        0x08005a63   Thumb Code     0  startup_stm32f40_41xxx.o(.text)
    OTG_FS_WKUP_IRQHandler                   0x08005a63   Thumb Code     0  startup_stm32f40_41xxx.o(.text)
    OTG_HS_EP1_IN_IRQHandler                 0x08005a63   Thumb Code     0  startup_stm32f40_41xxx.o(.text)
    OTG_HS_EP1_OUT_IRQHandler                0x08005a63   Thumb Code     0  startup_stm32f40_41xxx.o(.text)
    OTG_HS_IRQHandler                        0x08005a63   Thumb Code     0  startup_stm32f40_41xxx.o(.text)
    OTG_HS_WKUP_IRQHandler                   0x08005a63   Thumb Code     0  startup_stm32f40_41xxx.o(.text)
    PVD_IRQHandler                           0x08005a63   Thumb Code     0  startup_stm32f40_41xxx.o(.text)
    RCC_IRQHandler                           0x08005a63   Thumb Code     0  startup_stm32f40_41xxx.o(.text)
    RTC_Alarm_IRQHandler                     0x08005a63   Thumb Code     0  startup_stm32f40_41xxx.o(.text)
    RTC_WKUP_IRQHandler                      0x08005a63   Thumb Code     0  startup_stm32f40_41xxx.o(.text)
    SDIO_IRQHandler                          0x08005a63   Thumb Code     0  startup_stm32f40_41xxx.o(.text)
    SPI1_IRQHandler                          0x08005a63   Thumb Code     0  startup_stm32f40_41xxx.o(.text)
    SPI2_IRQHandler                          0x08005a63   Thumb Code     0  startup_stm32f40_41xxx.o(.text)
    SPI3_IRQHandler                          0x08005a63   Thumb Code     0  startup_stm32f40_41xxx.o(.text)
    TAMP_STAMP_IRQHandler                    0x08005a63   Thumb Code     0  startup_stm32f40_41xxx.o(.text)
    TIM1_CC_IRQHandler                       0x08005a63   Thumb Code     0  startup_stm32f40_41xxx.o(.text)
    TIM1_TRG_COM_TIM11_IRQHandler            0x08005a63   Thumb Code     0  startup_stm32f40_41xxx.o(.text)
    TIM1_UP_TIM10_IRQHandler                 0x08005a63   Thumb Code     0  startup_stm32f40_41xxx.o(.text)
    TIM3_IRQHandler                          0x08005a63   Thumb Code     0  startup_stm32f40_41xxx.o(.text)
    TIM4_IRQHandler                          0x08005a63   Thumb Code     0  startup_stm32f40_41xxx.o(.text)
    TIM5_IRQHandler                          0x08005a63   Thumb Code     0  startup_stm32f40_41xxx.o(.text)
    TIM6_DAC_IRQHandler                      0x08005a63   Thumb Code     0  startup_stm32f40_41xxx.o(.text)
    TIM8_BRK_TIM12_IRQHandler                0x08005a63   Thumb Code     0  startup_stm32f40_41xxx.o(.text)
    TIM8_CC_IRQHandler                       0x08005a63   Thumb Code     0  startup_stm32f40_41xxx.o(.text)
    TIM8_TRG_COM_TIM14_IRQHandler            0x08005a63   Thumb Code     0  startup_stm32f40_41xxx.o(.text)
    TIM8_UP_TIM13_IRQHandler                 0x08005a63   Thumb Code     0  startup_stm32f40_41xxx.o(.text)
    UART5_IRQHandler                         0x08005a63   Thumb Code     0  startup_stm32f40_41xxx.o(.text)
    USART6_IRQHandler                        0x08005a63   Thumb Code     0  startup_stm32f40_41xxx.o(.text)
    WWDG_IRQHandler                          0x08005a63   Thumb Code     0  startup_stm32f40_41xxx.o(.text)
    NVIC_PriorityGroupConfig                 0x08005a6d   Thumb Code    10  misc.o(.text)
    NVIC_Init                                0x08005a77   Thumb Code    96  misc.o(.text)
    NVIC_SetVectorTable                      0x08005ad7   Thumb Code    14  misc.o(.text)
    NVIC_SystemLPConfig                      0x08005ae5   Thumb Code    20  misc.o(.text)
    SysTick_CLKSourceConfig                  0x08005af9   Thumb Code    24  misc.o(.text)
    DMA_DeInit                               0x08005b1d   Thumb Code   272  stm32f4xx_dma.o(.text)
    DMA_Init                                 0x08005c2d   Thumb Code    80  stm32f4xx_dma.o(.text)
    DMA_StructInit                           0x08005c7d   Thumb Code    34  stm32f4xx_dma.o(.text)
    DMA_Cmd                                  0x08005c9f   Thumb Code    20  stm32f4xx_dma.o(.text)
    DMA_PeriphIncOffsetSizeConfig            0x08005cb3   Thumb Code    20  stm32f4xx_dma.o(.text)
    DMA_FlowControllerConfig                 0x08005cc7   Thumb Code    20  stm32f4xx_dma.o(.text)
    DMA_SetCurrDataCounter                   0x08005cdb   Thumb Code     4  stm32f4xx_dma.o(.text)
    DMA_GetCurrDataCounter                   0x08005cdf   Thumb Code     6  stm32f4xx_dma.o(.text)
    DMA_DoubleBufferModeConfig               0x08005ce5   Thumb Code    22  stm32f4xx_dma.o(.text)
    DMA_DoubleBufferModeCmd                  0x08005cfb   Thumb Code    20  stm32f4xx_dma.o(.text)
    DMA_MemoryTargetConfig                   0x08005d0f   Thumb Code    10  stm32f4xx_dma.o(.text)
    DMA_GetCurrentMemoryTarget               0x08005d19   Thumb Code    14  stm32f4xx_dma.o(.text)
    DMA_GetCmdStatus                         0x08005d27   Thumb Code    14  stm32f4xx_dma.o(.text)
    DMA_GetFIFOStatus                        0x08005d35   Thumb Code     8  stm32f4xx_dma.o(.text)
    DMA_GetFlagStatus                        0x08005d3d   Thumb Code    42  stm32f4xx_dma.o(.text)
    DMA_ClearFlag                            0x08005d67   Thumb Code    34  stm32f4xx_dma.o(.text)
    DMA_ITConfig                             0x08005d89   Thumb Code    44  stm32f4xx_dma.o(.text)
    DMA_GetITStatus                          0x08005db5   Thumb Code    70  stm32f4xx_dma.o(.text)
    DMA_ClearITPendingBit                    0x08005dfb   Thumb Code    34  stm32f4xx_dma.o(.text)
    GPIO_DeInit                              0x08005e3d   Thumb Code   216  stm32f4xx_gpio.o(.text)
    GPIO_Init                                0x08005f15   Thumb Code   120  stm32f4xx_gpio.o(.text)
    GPIO_StructInit                          0x08005f8d   Thumb Code    18  stm32f4xx_gpio.o(.text)
    GPIO_PinLockConfig                       0x08005f9f   Thumb Code    24  stm32f4xx_gpio.o(.text)
    GPIO_ReadInputDataBit                    0x08005fb7   Thumb Code    14  stm32f4xx_gpio.o(.text)
    GPIO_ReadInputData                       0x08005fc5   Thumb Code     6  stm32f4xx_gpio.o(.text)
    GPIO_ReadOutputDataBit                   0x08005fcb   Thumb Code    14  stm32f4xx_gpio.o(.text)
    GPIO_ReadOutputData                      0x08005fd9   Thumb Code     6  stm32f4xx_gpio.o(.text)
    GPIO_SetBits                             0x08005fdf   Thumb Code     4  stm32f4xx_gpio.o(.text)
    GPIO_ResetBits                           0x08005fe3   Thumb Code     4  stm32f4xx_gpio.o(.text)
    GPIO_WriteBit                            0x08005fe7   Thumb Code    10  stm32f4xx_gpio.o(.text)
    GPIO_Write                               0x08005ff1   Thumb Code     4  stm32f4xx_gpio.o(.text)
    GPIO_ToggleBits                          0x08005ff5   Thumb Code     8  stm32f4xx_gpio.o(.text)
    GPIO_PinAFConfig                         0x08005ffd   Thumb Code    32  stm32f4xx_gpio.o(.text)
    RCC_DeInit                               0x08006049   Thumb Code    68  stm32f4xx_rcc.o(.text)
    RCC_HSEConfig                            0x0800608d   Thumb Code    12  stm32f4xx_rcc.o(.text)
    RCC_GetFlagStatus                        0x08006099   Thumb Code    46  stm32f4xx_rcc.o(.text)
    RCC_WaitForHSEStartUp                    0x080060c7   Thumb Code    44  stm32f4xx_rcc.o(.text)
    RCC_AdjustHSICalibrationValue            0x080060f3   Thumb Code    16  stm32f4xx_rcc.o(.text)
    RCC_HSICmd                               0x08006103   Thumb Code     6  stm32f4xx_rcc.o(.text)
    RCC_LSEConfig                            0x08006109   Thumb Code    24  stm32f4xx_rcc.o(.text)
    RCC_LSICmd                               0x08006121   Thumb Code     6  stm32f4xx_rcc.o(.text)
    RCC_PLLConfig                            0x08006127   Thumb Code    32  stm32f4xx_rcc.o(.text)
    RCC_PLLCmd                               0x08006147   Thumb Code     6  stm32f4xx_rcc.o(.text)
    RCC_PLLI2SConfig                         0x0800614d   Thumb Code    14  stm32f4xx_rcc.o(.text)
    RCC_PLLI2SCmd                            0x0800615b   Thumb Code     6  stm32f4xx_rcc.o(.text)
    RCC_PLLSAIConfig                         0x08006161   Thumb Code    18  stm32f4xx_rcc.o(.text)
    RCC_PLLSAICmd                            0x08006173   Thumb Code     6  stm32f4xx_rcc.o(.text)
    RCC_ClockSecuritySystemCmd               0x08006179   Thumb Code     6  stm32f4xx_rcc.o(.text)
    RCC_MCO1Config                           0x0800617f   Thumb Code    18  stm32f4xx_rcc.o(.text)
    RCC_MCO2Config                           0x08006191   Thumb Code    18  stm32f4xx_rcc.o(.text)
    RCC_SYSCLKConfig                         0x080061a3   Thumb Code    16  stm32f4xx_rcc.o(.text)
    RCC_GetSYSCLKSource                      0x080061b3   Thumb Code    12  stm32f4xx_rcc.o(.text)
    RCC_HCLKConfig                           0x080061bf   Thumb Code    16  stm32f4xx_rcc.o(.text)
    RCC_PCLK1Config                          0x080061cf   Thumb Code    16  stm32f4xx_rcc.o(.text)
    RCC_PCLK2Config                          0x080061df   Thumb Code    18  stm32f4xx_rcc.o(.text)
    RCC_GetClocksFreq                        0x080061f1   Thumb Code   134  stm32f4xx_rcc.o(.text)
    RCC_RTCCLKConfig                         0x08006277   Thumb Code    42  stm32f4xx_rcc.o(.text)
    RCC_RTCCLKCmd                            0x080062a1   Thumb Code     8  stm32f4xx_rcc.o(.text)
    RCC_BackupResetCmd                       0x080062a9   Thumb Code     8  stm32f4xx_rcc.o(.text)
    RCC_I2SCLKConfig                         0x080062b1   Thumb Code     8  stm32f4xx_rcc.o(.text)
    RCC_SAIPLLI2SClkDivConfig                0x080062b9   Thumb Code    18  stm32f4xx_rcc.o(.text)
    RCC_SAIPLLSAIClkDivConfig                0x080062cb   Thumb Code    24  stm32f4xx_rcc.o(.text)
    RCC_SAIBlockACLKConfig                   0x080062e3   Thumb Code    16  stm32f4xx_rcc.o(.text)
    RCC_SAIBlockBCLKConfig                   0x080062f3   Thumb Code    16  stm32f4xx_rcc.o(.text)
    RCC_LTDCCLKDivConfig                     0x08006303   Thumb Code    16  stm32f4xx_rcc.o(.text)
    RCC_TIMCLKPresConfig                     0x08006313   Thumb Code     8  stm32f4xx_rcc.o(.text)
    RCC_AHB1PeriphClockCmd                   0x0800631b   Thumb Code    20  stm32f4xx_rcc.o(.text)
    RCC_AHB2PeriphClockCmd                   0x0800632f   Thumb Code    20  stm32f4xx_rcc.o(.text)
    RCC_AHB3PeriphClockCmd                   0x08006343   Thumb Code    20  stm32f4xx_rcc.o(.text)
    RCC_APB1PeriphClockCmd                   0x08006357   Thumb Code    20  stm32f4xx_rcc.o(.text)
    RCC_APB2PeriphClockCmd                   0x0800636b   Thumb Code    20  stm32f4xx_rcc.o(.text)
    RCC_AHB1PeriphResetCmd                   0x0800637f   Thumb Code    20  stm32f4xx_rcc.o(.text)
    RCC_AHB2PeriphResetCmd                   0x08006393   Thumb Code    20  stm32f4xx_rcc.o(.text)
    RCC_AHB3PeriphResetCmd                   0x080063a7   Thumb Code    20  stm32f4xx_rcc.o(.text)
    RCC_APB1PeriphResetCmd                   0x080063bb   Thumb Code    20  stm32f4xx_rcc.o(.text)
    RCC_APB2PeriphResetCmd                   0x080063cf   Thumb Code    20  stm32f4xx_rcc.o(.text)
    RCC_AHB1PeriphClockLPModeCmd             0x080063e3   Thumb Code    20  stm32f4xx_rcc.o(.text)
    RCC_AHB2PeriphClockLPModeCmd             0x080063f7   Thumb Code    20  stm32f4xx_rcc.o(.text)
    RCC_AHB3PeriphClockLPModeCmd             0x0800640b   Thumb Code    20  stm32f4xx_rcc.o(.text)
    RCC_APB1PeriphClockLPModeCmd             0x0800641f   Thumb Code    64  stm32f4xx_rcc.o(.text)
    RCC_APB2PeriphClockLPModeCmd             0x0800645f   Thumb Code    18  stm32f4xx_rcc.o(.text)
    RCC_LSEModeConfig                        0x08006471   Thumb Code    24  stm32f4xx_rcc.o(.text)
    RCC_ITConfig                             0x08006489   Thumb Code    20  stm32f4xx_rcc.o(.text)
    RCC_ClearFlag                            0x0800649d   Thumb Code    14  stm32f4xx_rcc.o(.text)
    RCC_GetITStatus                          0x080064ab   Thumb Code    18  stm32f4xx_rcc.o(.text)
    RCC_ClearITPendingBit                    0x080064bd   Thumb Code     8  stm32f4xx_rcc.o(.text)
    TIM_DeInit                               0x080064c9   Thumb Code   284  stm32f4xx_tim.o(.text)
    TIM_TimeBaseInit                         0x080065e5   Thumb Code    96  stm32f4xx_tim.o(.text)
    TIM_TimeBaseStructInit                   0x08006645   Thumb Code    18  stm32f4xx_tim.o(.text)
    TIM_PrescalerConfig                      0x08006657   Thumb Code     6  stm32f4xx_tim.o(.text)
    TIM_CounterModeConfig                    0x0800665d   Thumb Code    12  stm32f4xx_tim.o(.text)
    TIM_SetCounter                           0x08006669   Thumb Code     4  stm32f4xx_tim.o(.text)
    TIM_SetAutoreload                        0x0800666d   Thumb Code     4  stm32f4xx_tim.o(.text)
    TIM_GetCounter                           0x08006671   Thumb Code     4  stm32f4xx_tim.o(.text)
    TIM_GetPrescaler                         0x08006675   Thumb Code     4  stm32f4xx_tim.o(.text)
    TIM_UpdateDisableConfig                  0x08006679   Thumb Code    20  stm32f4xx_tim.o(.text)
    TIM_UpdateRequestConfig                  0x0800668d   Thumb Code    20  stm32f4xx_tim.o(.text)
    TIM_ARRPreloadConfig                     0x080066a1   Thumb Code    20  stm32f4xx_tim.o(.text)
    TIM_SelectOnePulseMode                   0x080066b5   Thumb Code    16  stm32f4xx_tim.o(.text)
    TIM_SetClockDivision                     0x080066c5   Thumb Code    16  stm32f4xx_tim.o(.text)
    TIM_Cmd                                  0x080066d5   Thumb Code    20  stm32f4xx_tim.o(.text)
    TIM_OC1Init                              0x080066e9   Thumb Code    88  stm32f4xx_tim.o(.text)
    TIM_OC2Init                              0x08006741   Thumb Code   120  stm32f4xx_tim.o(.text)
    TIM_OC3Init                              0x080067b9   Thumb Code   116  stm32f4xx_tim.o(.text)
    TIM_OC4Init                              0x0800682d   Thumb Code    88  stm32f4xx_tim.o(.text)
    TIM_OCStructInit                         0x08006885   Thumb Code    20  stm32f4xx_tim.o(.text)
    TIM_SelectOCxM                           0x08006899   Thumb Code   130  stm32f4xx_tim.o(.text)
    TIM_SetCompare1                          0x0800691b   Thumb Code     4  stm32f4xx_tim.o(.text)
    TIM_SetCompare2                          0x0800691f   Thumb Code     4  stm32f4xx_tim.o(.text)
    TIM_SetCompare3                          0x08006923   Thumb Code     4  stm32f4xx_tim.o(.text)
    TIM_SetCompare4                          0x08006927   Thumb Code     4  stm32f4xx_tim.o(.text)
    TIM_ForcedOC1Config                      0x0800692b   Thumb Code    12  stm32f4xx_tim.o(.text)
    TIM_ForcedOC2Config                      0x08006937   Thumb Code    20  stm32f4xx_tim.o(.text)
    TIM_ForcedOC3Config                      0x0800694b   Thumb Code    12  stm32f4xx_tim.o(.text)
    TIM_ForcedOC4Config                      0x08006957   Thumb Code    20  stm32f4xx_tim.o(.text)
    TIM_OC1PreloadConfig                     0x0800696b   Thumb Code    12  stm32f4xx_tim.o(.text)
    TIM_OC2PreloadConfig                     0x08006977   Thumb Code    20  stm32f4xx_tim.o(.text)
    TIM_OC3PreloadConfig                     0x0800698b   Thumb Code    12  stm32f4xx_tim.o(.text)
    TIM_OC4PreloadConfig                     0x08006997   Thumb Code    20  stm32f4xx_tim.o(.text)
    TIM_OC1FastConfig                        0x080069ab   Thumb Code    12  stm32f4xx_tim.o(.text)
    TIM_OC2FastConfig                        0x080069b7   Thumb Code    20  stm32f4xx_tim.o(.text)
    TIM_OC3FastConfig                        0x080069cb   Thumb Code    12  stm32f4xx_tim.o(.text)
    TIM_OC4FastConfig                        0x080069d7   Thumb Code    20  stm32f4xx_tim.o(.text)
    TIM_ClearOC1Ref                          0x080069eb   Thumb Code    12  stm32f4xx_tim.o(.text)
    TIM_ClearOC2Ref                          0x080069f7   Thumb Code    20  stm32f4xx_tim.o(.text)
    TIM_ClearOC3Ref                          0x08006a0b   Thumb Code    12  stm32f4xx_tim.o(.text)
    TIM_ClearOC4Ref                          0x08006a17   Thumb Code    20  stm32f4xx_tim.o(.text)
    TIM_OC1PolarityConfig                    0x08006a2b   Thumb Code    12  stm32f4xx_tim.o(.text)
    TIM_OC1NPolarityConfig                   0x08006a37   Thumb Code    12  stm32f4xx_tim.o(.text)
    TIM_OC2PolarityConfig                    0x08006a43   Thumb Code    20  stm32f4xx_tim.o(.text)
    TIM_OC2NPolarityConfig                   0x08006a57   Thumb Code    20  stm32f4xx_tim.o(.text)
    TIM_OC3PolarityConfig                    0x08006a6b   Thumb Code    20  stm32f4xx_tim.o(.text)
    TIM_OC3NPolarityConfig                   0x08006a7f   Thumb Code    20  stm32f4xx_tim.o(.text)
    TIM_OC4PolarityConfig                    0x08006a93   Thumb Code    20  stm32f4xx_tim.o(.text)
    TIM_CCxCmd                               0x08006aa7   Thumb Code    22  stm32f4xx_tim.o(.text)
    TIM_CCxNCmd                              0x08006abd   Thumb Code    22  stm32f4xx_tim.o(.text)
    TIM_SetIC4Prescaler                      0x08006ad3   Thumb Code    24  stm32f4xx_tim.o(.text)
    TIM_SetIC3Prescaler                      0x08006aeb   Thumb Code    16  stm32f4xx_tim.o(.text)
    TIM_SetIC2Prescaler                      0x08006afb   Thumb Code    24  stm32f4xx_tim.o(.text)
    TIM_SetIC1Prescaler                      0x08006b49   Thumb Code    16  stm32f4xx_tim.o(.text)
    TIM_ICInit                               0x08006b59   Thumb Code   164  stm32f4xx_tim.o(.text)
    TIM_ICStructInit                         0x08006bfd   Thumb Code    16  stm32f4xx_tim.o(.text)
    TIM_PWMIConfig                           0x08006c0d   Thumb Code   104  stm32f4xx_tim.o(.text)
    TIM_GetCapture1                          0x08006c75   Thumb Code     4  stm32f4xx_tim.o(.text)
    TIM_GetCapture2                          0x08006c79   Thumb Code     4  stm32f4xx_tim.o(.text)
    TIM_GetCapture3                          0x08006c7d   Thumb Code     4  stm32f4xx_tim.o(.text)
    TIM_GetCapture4                          0x08006c81   Thumb Code     4  stm32f4xx_tim.o(.text)
    TIM_BDTRConfig                           0x08006c85   Thumb Code    34  stm32f4xx_tim.o(.text)
    TIM_BDTRStructInit                       0x08006ca7   Thumb Code    18  stm32f4xx_tim.o(.text)
    TIM_CtrlPWMOutputs                       0x08006cb9   Thumb Code    22  stm32f4xx_tim.o(.text)
    TIM_SelectCOM                            0x08006ccf   Thumb Code    20  stm32f4xx_tim.o(.text)
    TIM_CCPreloadControl                     0x08006ce3   Thumb Code    20  stm32f4xx_tim.o(.text)
    TIM_ITConfig                             0x08006cf7   Thumb Code    16  stm32f4xx_tim.o(.text)
    TIM_GenerateEvent                        0x08006d07   Thumb Code     4  stm32f4xx_tim.o(.text)
    TIM_GetFlagStatus                        0x08006d0b   Thumb Code    14  stm32f4xx_tim.o(.text)
    TIM_ClearFlag                            0x08006d19   Thumb Code     6  stm32f4xx_tim.o(.text)
    TIM_GetITStatus                          0x08006d1f   Thumb Code    24  stm32f4xx_tim.o(.text)
    TIM_ClearITPendingBit                    0x08006d37   Thumb Code     6  stm32f4xx_tim.o(.text)
    TIM_DMAConfig                            0x08006d3d   Thumb Code     8  stm32f4xx_tim.o(.text)
    TIM_DMACmd                               0x08006d45   Thumb Code    16  stm32f4xx_tim.o(.text)
    TIM_SelectCCDMA                          0x08006d55   Thumb Code    20  stm32f4xx_tim.o(.text)
    TIM_InternalClockConfig                  0x08006d69   Thumb Code    10  stm32f4xx_tim.o(.text)
    TIM_SelectInputTrigger                   0x08006d73   Thumb Code    12  stm32f4xx_tim.o(.text)
    TIM_ITRxExternalClockConfig              0x08006d7f   Thumb Code    18  stm32f4xx_tim.o(.text)
    TIM_TIxExternalClockConfig               0x08006d91   Thumb Code    46  stm32f4xx_tim.o(.text)
    TIM_ETRConfig                            0x08006dbf   Thumb Code    24  stm32f4xx_tim.o(.text)
    TIM_ETRClockMode1Config                  0x08006dd7   Thumb Code    18  stm32f4xx_tim.o(.text)
    TIM_ETRClockMode2Config                  0x08006de9   Thumb Code    18  stm32f4xx_tim.o(.text)
    TIM_SelectOutputTrigger                  0x08006dfb   Thumb Code    16  stm32f4xx_tim.o(.text)
    TIM_SelectSlaveMode                      0x08006e0b   Thumb Code    16  stm32f4xx_tim.o(.text)
    TIM_SelectMasterSlaveMode                0x08006e1b   Thumb Code    16  stm32f4xx_tim.o(.text)
    TIM_EncoderInterfaceConfig               0x08006e2b   Thumb Code    50  stm32f4xx_tim.o(.text)
    TIM_SelectHallSensor                     0x08006e5d   Thumb Code    20  stm32f4xx_tim.o(.text)
    TIM_RemapConfig                          0x08006e71   Thumb Code     6  stm32f4xx_tim.o(.text)
    USART_DeInit                             0x08006ea5   Thumb Code   138  stm32f4xx_usart.o(.text)
    USART_Init                               0x08006f2f   Thumb Code   164  stm32f4xx_usart.o(.text)
    USART_StructInit                         0x08006fd3   Thumb Code    22  stm32f4xx_usart.o(.text)
    USART_ClockInit                          0x08006fe9   Thumb Code    28  stm32f4xx_usart.o(.text)
    USART_ClockStructInit                    0x08007005   Thumb Code    12  stm32f4xx_usart.o(.text)
    USART_Cmd                                0x08007011   Thumb Code    20  stm32f4xx_usart.o(.text)
    USART_SetPrescaler                       0x08007025   Thumb Code    16  stm32f4xx_usart.o(.text)
    USART_OverSampling8Cmd                   0x08007035   Thumb Code    20  stm32f4xx_usart.o(.text)
    USART_OneBitMethodCmd                    0x08007049   Thumb Code    20  stm32f4xx_usart.o(.text)
    USART_SendData                           0x0800705d   Thumb Code     8  stm32f4xx_usart.o(.text)
    USART_ReceiveData                        0x08007065   Thumb Code     8  stm32f4xx_usart.o(.text)
    USART_SetAddress                         0x0800706d   Thumb Code    16  stm32f4xx_usart.o(.text)
    USART_ReceiverWakeUpCmd                  0x0800707d   Thumb Code    20  stm32f4xx_usart.o(.text)
    USART_WakeUpConfig                       0x08007091   Thumb Code    16  stm32f4xx_usart.o(.text)
    USART_LINBreakDetectLengthConfig         0x080070a1   Thumb Code    16  stm32f4xx_usart.o(.text)
    USART_LINCmd                             0x080070b1   Thumb Code    20  stm32f4xx_usart.o(.text)
    USART_SendBreak                          0x080070c5   Thumb Code    10  stm32f4xx_usart.o(.text)
    USART_HalfDuplexCmd                      0x080070cf   Thumb Code    20  stm32f4xx_usart.o(.text)
    USART_SetGuardTime                       0x080070e3   Thumb Code    16  stm32f4xx_usart.o(.text)
    USART_SmartCardCmd                       0x080070f3   Thumb Code    20  stm32f4xx_usart.o(.text)
    USART_SmartCardNACKCmd                   0x08007107   Thumb Code    20  stm32f4xx_usart.o(.text)
    USART_IrDAConfig                         0x0800711b   Thumb Code    16  stm32f4xx_usart.o(.text)
    USART_IrDACmd                            0x0800712b   Thumb Code    20  stm32f4xx_usart.o(.text)
    USART_DMACmd                             0x0800713f   Thumb Code    16  stm32f4xx_usart.o(.text)
    USART_ITConfig                           0x0800714f   Thumb Code    48  stm32f4xx_usart.o(.text)
    USART_GetFlagStatus                      0x0800717f   Thumb Code    14  stm32f4xx_usart.o(.text)
    USART_ClearFlag                          0x0800718d   Thumb Code     6  stm32f4xx_usart.o(.text)
    USART_GetITStatus                        0x08007193   Thumb Code    62  stm32f4xx_usart.o(.text)
    USART_ClearITPendingBit                  0x080071d1   Thumb Code    12  stm32f4xx_usart.o(.text)
    abs                                      0x080071fd   Thumb Code     8  siabs.o(.text)
    strlen                                   0x08007205   Thumb Code    14  strlen.o(.text)
    __aeabi_dadd                             0x08007213   Thumb Code   322  dadd.o(.text)
    __aeabi_dsub                             0x08007355   Thumb Code     6  dadd.o(.text)
    __aeabi_drsub                            0x0800735b   Thumb Code     6  dadd.o(.text)
    __aeabi_dmul                             0x08007361   Thumb Code   228  dmul.o(.text)
    __aeabi_d2uiz                            0x08007445   Thumb Code    50  dfixui.o(.text)
    __aeabi_f2d                              0x08007477   Thumb Code    38  f2d.o(.text)
    __aeabi_d2f                              0x0800749d   Thumb Code    56  d2f.o(.text)
    __aeabi_uidiv                            0x080074d5   Thumb Code     0  uidiv.o(.text)
    __aeabi_uidivmod                         0x080074d5   Thumb Code    44  uidiv.o(.text)
    __aeabi_uldivmod                         0x08007501   Thumb Code    98  uldiv.o(.text)
    __aeabi_llsl                             0x08007563   Thumb Code    30  llshl.o(.text)
    _ll_shift_l                              0x08007563   Thumb Code     0  llshl.o(.text)
    __aeabi_llsr                             0x08007581   Thumb Code    32  llushr.o(.text)
    _ll_ushift_r                             0x08007581   Thumb Code     0  llushr.o(.text)
    __aeabi_lasr                             0x080075a1   Thumb Code    36  llsshr.o(.text)
    _ll_sshift_r                             0x080075a1   Thumb Code     0  llsshr.o(.text)
    __I$use$fp                               0x080075c5   Thumb Code     0  iusefp.o(.text)
    _float_round                             0x080075c5   Thumb Code    18  fepilogue.o(.text)
    _float_epilogue                          0x080075d7   Thumb Code    92  fepilogue.o(.text)
    _double_round                            0x08007633   Thumb Code    30  depilogue.o(.text)
    _double_epilogue                         0x08007651   Thumb Code   156  depilogue.o(.text)
    __aeabi_ddiv                             0x080076ed   Thumb Code   222  ddiv.o(.text)
    __aeabi_d2ulz                            0x080077cb   Thumb Code    48  dfixul.o(.text)
    __aeabi_cdrcmple                         0x080077fd   Thumb Code    48  cdrcmple.o(.text)
    __scatterload                            0x0800782d   Thumb Code    28  init.o(.text)
    __scatterload_rt2                        0x0800782d   Thumb Code     0  init.o(.text)
    __decompress                             0x08007851   Thumb Code     0  __dczerorl2.o(.text)
    __decompress1                            0x08007851   Thumb Code    86  __dczerorl2.o(.text)
    __0sprintf                               0x080078a9   Thumb Code    34  printfa.o(i.__0sprintf)
    __1sprintf                               0x080078a9   Thumb Code     0  printfa.o(i.__0sprintf)
    __2sprintf                               0x080078a9   Thumb Code     0  printfa.o(i.__0sprintf)
    __c89sprintf                             0x080078a9   Thumb Code     0  printfa.o(i.__0sprintf)
    sprintf                                  0x080078a9   Thumb Code     0  printfa.o(i.__0sprintf)
    __scatterload_copy                       0x080078d1   Thumb Code    14  handlers.o(i.__scatterload_copy)
    __scatterload_null                       0x080078df   Thumb Code     2  handlers.o(i.__scatterload_null)
    __scatterload_zeroinit                   0x080078e1   Thumb Code    14  handlers.o(i.__scatterload_zeroinit)
    free                                     0x0800818d   Thumb Code    76  malloc.o(i.free)
    malloc                                   0x080081dd   Thumb Code    92  malloc.o(i.malloc)
    asc2_1206                                0x08008248   Data        1140  oled.o(.constdata)
    asc2_1608                                0x080086bc   Data        1520  oled.o(.constdata)
    asc2_2412                                0x08008cac   Data        3420  oled.o(.constdata)
    Region$$Table$$Base                      0x08009a08   Number         0  anon$$obj.o(Region$$Table)
    Region$$Table$$Limit                     0x08009a28   Number         0  anon$$obj.o(Region$$Table)
    flag_step                                0x20000000   Data           1  control.o(.data)
    flag_mission_start                       0x20000001   Data           1  control.o(.data)
    flag_huanlong                            0x20000002   Data           1  control.o(.data)
    flag_chulong                             0x20000003   Data           1  control.o(.data)
    flag_slowdown                            0x20000004   Data           1  control.o(.data)
    flag_found_zuowu                         0x20000005   Data           1  control.o(.data)
    flag_delay                               0x20000006   Data           1  control.o(.data)
    flag_delay_200ms                         0x20000007   Data           1  control.o(.data)
    flag_delay_500ms                         0x20000008   Data           1  control.o(.data)
    flag_delay_1000ms                        0x20000009   Data           1  control.o(.data)
    flag_delay_1500ms                        0x2000000a   Data           1  control.o(.data)
    flag_delay_zuowu                         0x2000000b   Data           1  control.o(.data)
    Color_SLOW                               0x2000000c   Data           1  control.o(.data)
    flag_step0SLOW                           0x2000000d   Data           1  control.o(.data)
    RightLightLast                           0x2000000e   Data           1  control.o(.data)
    LeftLightLast                            0x2000000f   Data           1  control.o(.data)
    Add_Encoder_2                            0x20000024   Data           4  control.o(.data)
    Add_Encoder_4                            0x20000028   Data           4  control.o(.data)
    Add_Encoder_6                            0x2000002c   Data           4  control.o(.data)
    Add_Encoder_8                            0x20000030   Data           4  control.o(.data)
    Add_Encoder_10                           0x20000034   Data           4  control.o(.data)
    Add_Encoder_Last                         0x20000038   Data           4  control.o(.data)
    Servo1_Base                              0x2000003c   Data           4  control.o(.data)
    Servo2_Base                              0x20000040   Data           4  control.o(.data)
    Servo3_Base                              0x20000044   Data           4  control.o(.data)
    Servo4_Base                              0x20000048   Data           4  control.o(.data)
    SpeedL1_Base                             0x2000004c   Data           4  control.o(.data)
    SpeedR1_Base                             0x20000050   Data           4  control.o(.data)
    SpeedL2_Base                             0x20000054   Data           4  control.o(.data)
    SpeedR2_Base                             0x20000058   Data           4  control.o(.data)
    Servo1_Increase                          0x2000005c   Data           4  control.o(.data)
    Servo2_Increase                          0x20000060   Data           4  control.o(.data)
    Servo3_Increase                          0x20000064   Data           4  control.o(.data)
    Servo4_Increase                          0x20000068   Data           4  control.o(.data)
    Servo5_Increase                          0x2000006c   Data           4  control.o(.data)
    Servo6_Increase                          0x20000070   Data           4  control.o(.data)
    Servo7_Increase                          0x20000074   Data           4  control.o(.data)
    Servo8_Increase                          0x20000078   Data           4  control.o(.data)
    SpeedL1_Increase                         0x2000007c   Data           4  control.o(.data)
    SpeedR1_Increase                         0x20000080   Data           4  control.o(.data)
    SpeedL2_Increase                         0x20000084   Data           4  control.o(.data)
    SpeedR2_Increase                         0x20000088   Data           4  control.o(.data)
    SpeedL1_Increase_9250                    0x2000008c   Data           4  control.o(.data)
    SpeedR1_Increase_9250                    0x20000090   Data           4  control.o(.data)
    SpeedL2_Increase_9250                    0x20000094   Data           4  control.o(.data)
    SpeedR2_Increase_9250                    0x20000098   Data           4  control.o(.data)
    start_yaw                                0x200000a4   Data           4  main.o(.data)
    SystemCoreClock                          0x200000a8   Data           4  system_stm32f4xx.o(.data)
    AHBPrescTable                            0x200000ac   Data          16  system_stm32f4xx.o(.data)
    Chinese                                  0x200000c0   Data         192  oled.o(.data)
    mode                                     0x20000180   Data           1  usart2_dma.o(.data)
    yaw_H                                    0x20000182   Data           2  usart2_dma.o(.data)
    yaw_L                                    0x20000184   Data           2  usart2_dma.o(.data)
    yaw_temp                                 0x20000186   Data           2  usart2_dma.o(.data)
    yaw                                      0x20000188   Data           4  usart2_dma.o(.data)
    yaw_test                                 0x2000018c   Data           4  usart2_dma.o(.data)
    start_YAW                                0x20000190   Data           4  usart2_dma.o(.data)
    ultra_L1                                 0x20000194   Data          32  ultrasonic.o(.data)
    ultra_L2                                 0x200001b4   Data          32  ultrasonic.o(.data)
    ultra_R1                                 0x200001d4   Data          32  ultrasonic.o(.data)
    ultra_R2                                 0x200001f4   Data          32  ultrasonic.o(.data)
    ultra_F1                                 0x20000214   Data          32  ultrasonic.o(.data)
    ultra_F2                                 0x20000234   Data          32  ultrasonic.o(.data)
    ultra_F1DISLast                          0x20000254   Data           4  ultrasonic.o(.data)
    ultra_F2DISLast                          0x20000258   Data           4  ultrasonic.o(.data)
    ultra_L1DISLast                          0x2000025c   Data           4  ultrasonic.o(.data)
    ultra_L2DISLast                          0x20000260   Data           4  ultrasonic.o(.data)
    ultra_R1DISLast                          0x20000264   Data           4  ultrasonic.o(.data)
    ultra_R2DISLast                          0x20000268   Data           4  ultrasonic.o(.data)
    __microlib_freelist                      0x20000298   Data           4  mvars.o(.data)
    __microlib_freelist_initialised          0x2000029c   Data           4  mvars.o(.data)
    PIDOUT                                   0x200002a0   Data          20  control.o(.bss)
    PID_PWMA                                 0x200002b4   Data          68  pid.o(.bss)
    PID_9250_Forward                         0x200002f8   Data          68  pid.o(.bss)
    PID_9250_Forward_motor                   0x2000033c   Data          68  pid.o(.bss)
    PID_9250_Right                           0x20000380   Data          68  pid.o(.bss)
    PID_9250_Left                            0x200003c4   Data          68  pid.o(.bss)
    PID_9250_Left_Last                       0x20000408   Data          68  pid.o(.bss)
    PID_9250_Right_slow                      0x2000044c   Data          68  pid.o(.bss)
    PID_9250_Left_slow                       0x20000490   Data          68  pid.o(.bss)
    PID_9250_Back                            0x200004d4   Data          68  pid.o(.bss)
    PID_9250_Back_motor                      0x20000518   Data          68  pid.o(.bss)
    PID_9250_Back_last                       0x2000055c   Data          68  pid.o(.bss)
    PID_9250_Back_last_motor                 0x200005a0   Data          68  pid.o(.bss)
    PID_L1_For_Servo                         0x200005e4   Data          68  pid.o(.bss)
    PID_L2_For_Servo                         0x20000628   Data          68  pid.o(.bss)
    PID_L1_Back_Servo                        0x2000066c   Data          68  pid.o(.bss)
    PID_L2_Back_Servo                        0x200006b0   Data          68  pid.o(.bss)
    PID_L1_Back_Last_Servo                   0x200006f4   Data          68  pid.o(.bss)
    PID_L2_Back_Last_Servo                   0x20000738   Data          68  pid.o(.bss)
    PID_R1_For_Servo                         0x2000077c   Data          68  pid.o(.bss)
    PID_R2_Back_Servo                        0x200007c0   Data          68  pid.o(.bss)
    PID_R1_Back_Servo                        0x20000804   Data          68  pid.o(.bss)
    PID_F1_Left_Servo                        0x20000848   Data          68  pid.o(.bss)
    PID_F2_Left_Servo                        0x2000088c   Data          68  pid.o(.bss)
    PID_F1_Left_Last_Servo                   0x200008d0   Data          68  pid.o(.bss)
    PID_F2_Left_Last_Servo                   0x20000914   Data          68  pid.o(.bss)
    PID_F1_Right_Servo                       0x20000958   Data          68  pid.o(.bss)
    PID_F2_Right_Servo                       0x2000099c   Data          68  pid.o(.bss)
    PID_F1_Left_Motor                        0x200009e0   Data          68  pid.o(.bss)
    PID_F2_Right_Motor                       0x20000a24   Data          68  pid.o(.bss)
    PID_L1_For_Motor                         0x20000a68   Data          68  pid.o(.bss)
    PID_L2_For_Motor                         0x20000aac   Data          68  pid.o(.bss)
    PID_Back_L_Servo                         0x20000af0   Data          68  pid.o(.bss)
    PID_Back_R_Servo                         0x20000b34   Data          68  pid.o(.bss)
    PID_L1_Left_Servo                        0x20000b78   Data          68  pid.o(.bss)
    PID_R1_Right_Servo                       0x20000bbc   Data          68  pid.o(.bss)
    OLED_GRAM                                0x20000c00   Data        1024  oled.o(.bss)
    rec_data_u1                              0x20001032   Data          15  usart1_dma.o(.bss)
    send_data_u1                             0x20001041   Data          15  usart1_dma.o(.bss)
    rec_data_u2                              0x20001050   Data          11  usart2_dma.o(.bss)
    send_data_u2                             0x2000105b   Data          11  usart2_dma.o(.bss)
    rec_data_u3                              0x20001098   Data          15  usart3_dma.o(.bss)
    send_data_u3                             0x200010a7   Data          15  usart3_dma.o(.bss)
    rec_data_u4                              0x200010e8   Data          15  uart4_dma.o(.bss)
    send_data_u4                             0x200010f7   Data          15  uart4_dma.o(.bss)
    Ultr_F1                                  0x20001108   Data         104  ultrasonic.o(.bss)
    Ultr_F2                                  0x20001170   Data         104  ultrasonic.o(.bss)
    Ultr_L1                                  0x200011d8   Data         104  ultrasonic.o(.bss)
    Ultr_L2                                  0x20001240   Data         104  ultrasonic.o(.bss)
    Ultr_R1                                  0x200012a8   Data         104  ultrasonic.o(.bss)
    Ultr_R2                                  0x20001310   Data         104  ultrasonic.o(.bss)
    Encoders                                 0x20001378   Data          24  encoder.o(.bss)
    EncoAspeed_Filter                        0x20001390   Data          52  encoder.o(.bss)
    EncoBspeed_Filter                        0x200013c4   Data          52  encoder.o(.bss)
    __heap_base                              0x200013f8   Data           0  startup_stm32f40_41xxx.o(HEAP)
    __heap_limit                             0x200015f8   Data           0  startup_stm32f40_41xxx.o(HEAP)
    __initial_sp                             0x200019f8   Data           0  startup_stm32f40_41xxx.o(STACK)



==============================================================================

Memory Map of the image

  Image Entry point : 0x08000189

  Load Region LR_IROM1 (Base: 0x08000000, Size: 0x00009cc8, Max: 0x00100000, ABSOLUTE, COMPRESSED[0x00009b08])

    Execution Region ER_IROM1 (Exec base: 0x08000000, Load base: 0x08000000, Size: 0x00009a28, Max: 0x00100000, ABSOLUTE)

    Exec Addr    Load Addr    Size         Type   Attr      Idx    E Section Name        Object

    0x08000000   0x08000000   0x00000188   Data   RO          791    RESET               startup_stm32f40_41xxx.o
    0x08000188   0x08000188   0x00000000   Code   RO         1516  * .ARM.Collect$$$$00000000  mc_w.l(entry.o)
    0x08000188   0x08000188   0x00000004   Code   RO         1824    .ARM.Collect$$$$00000001  mc_w.l(entry2.o)
    0x0800018c   0x0800018c   0x00000004   Code   RO         1827    .ARM.Collect$$$$00000004  mc_w.l(entry5.o)
    0x08000190   0x08000190   0x00000000   Code   RO         1829    .ARM.Collect$$$$00000008  mc_w.l(entry7b.o)
    0x08000190   0x08000190   0x00000000   Code   RO         1831    .ARM.Collect$$$$0000000A  mc_w.l(entry8b.o)
    0x08000190   0x08000190   0x00000008   Code   RO         1832    .ARM.Collect$$$$0000000B  mc_w.l(entry9a.o)
    0x08000198   0x08000198   0x00000000   Code   RO         1834    .ARM.Collect$$$$0000000D  mc_w.l(entry10a.o)
    0x08000198   0x08000198   0x00000000   Code   RO         1836    .ARM.Collect$$$$0000000F  mc_w.l(entry11a.o)
    0x08000198   0x08000198   0x00000004   Code   RO         1825    .ARM.Collect$$$$00002712  mc_w.l(entry2.o)
    0x0800019c   0x0800019c   0x00000b8c   Code   RO            3    .text               control.o
    0x08000d28   0x08000d28   0x000000d8   Code   RO          217    .text               key.o
    0x08000e00   0x08000e00   0x00000450   Code   RO          241    .text               main.o
    0x08001250   0x08001250   0x00000012   Code   RO          274    .text               stm32f4xx_it.o
    0x08001262   0x08001262   0x00000002   PAD
    0x08001264   0x08001264   0x0000017c   Code   RO          323    .text               system_stm32f4xx.o
    0x080013e0   0x080013e0   0x000000b8   Code   RO          367    .text               delay.o
    0x08001498   0x08001498   0x000014d0   Code   RO          389    .text               pid.o
    0x08002968   0x08002968   0x00000034   Code   RO          420    .text               led.o
    0x0800299c   0x0800299c   0x000006a0   Code   RO          460    .text               oled.o
    0x0800303c   0x0800303c   0x00000360   Code   RO          492    .text               usart1_dma.o
    0x0800339c   0x0800339c   0x00000360   Code   RO          519    .text               usart2_dma.o
    0x080036fc   0x080036fc   0x00000370   Code   RO          548    .text               usart3_dma.o
    0x08003a6c   0x08003a6c   0x00000364   Code   RO          575    .text               uart4_dma.o
    0x08003dd0   0x08003dd0   0x00000060   Code   RO          602    .text               timer7.o
    0x08003e30   0x08003e30   0x000004f0   Code   RO          622    .text               servo.o
    0x08004320   0x08004320   0x000009bc   Code   RO          642    .text               ultrasonic.o
    0x08004cdc   0x08004cdc   0x000003f0   Code   RO          680    .text               motor.o
    0x080050cc   0x080050cc   0x00000330   Code   RO          701    .text               encoder.o
    0x080053fc   0x080053fc   0x0000057c   Code   RO          745    .text               filter.o
    0x08005978   0x08005978   0x000000d0   Code   RO          771    .text               io.o
    0x08005a48   0x08005a48   0x00000024   Code   RO          792    .text               startup_stm32f40_41xxx.o
    0x08005a6c   0x08005a6c   0x000000b0   Code   RO          798    .text               misc.o
    0x08005b1c   0x08005b1c   0x00000320   Code   RO         1018    .text               stm32f4xx_dma.o
    0x08005e3c   0x08005e3c   0x0000020c   Code   RO         1148    .text               stm32f4xx_gpio.o
    0x08006048   0x08006048   0x00000480   Code   RO         1311    .text               stm32f4xx_rcc.o
    0x080064c8   0x080064c8   0x000009dc   Code   RO         1457    .text               stm32f4xx_tim.o
    0x08006ea4   0x08006ea4   0x00000358   Code   RO         1478    .text               stm32f4xx_usart.o
    0x080071fc   0x080071fc   0x00000008   Code   RO         1519    .text               mc_w.l(siabs.o)
    0x08007204   0x08007204   0x0000000e   Code   RO         1523    .text               mc_w.l(strlen.o)
    0x08007212   0x08007212   0x0000014e   Code   RO         1814    .text               mf_w.l(dadd.o)
    0x08007360   0x08007360   0x000000e4   Code   RO         1816    .text               mf_w.l(dmul.o)
    0x08007444   0x08007444   0x00000032   Code   RO         1818    .text               mf_w.l(dfixui.o)
    0x08007476   0x08007476   0x00000026   Code   RO         1820    .text               mf_w.l(f2d.o)
    0x0800749c   0x0800749c   0x00000038   Code   RO         1822    .text               mf_w.l(d2f.o)
    0x080074d4   0x080074d4   0x0000002c   Code   RO         1841    .text               mc_w.l(uidiv.o)
    0x08007500   0x08007500   0x00000062   Code   RO         1843    .text               mc_w.l(uldiv.o)
    0x08007562   0x08007562   0x0000001e   Code   RO         1845    .text               mc_w.l(llshl.o)
    0x08007580   0x08007580   0x00000020   Code   RO         1847    .text               mc_w.l(llushr.o)
    0x080075a0   0x080075a0   0x00000024   Code   RO         1849    .text               mc_w.l(llsshr.o)
    0x080075c4   0x080075c4   0x00000000   Code   RO         1857    .text               mc_w.l(iusefp.o)
    0x080075c4   0x080075c4   0x0000006e   Code   RO         1858    .text               mf_w.l(fepilogue.o)
    0x08007632   0x08007632   0x000000ba   Code   RO         1860    .text               mf_w.l(depilogue.o)
    0x080076ec   0x080076ec   0x000000de   Code   RO         1862    .text               mf_w.l(ddiv.o)
    0x080077ca   0x080077ca   0x00000030   Code   RO         1864    .text               mf_w.l(dfixul.o)
    0x080077fa   0x080077fa   0x00000002   PAD
    0x080077fc   0x080077fc   0x00000030   Code   RO         1866    .text               mf_w.l(cdrcmple.o)
    0x0800782c   0x0800782c   0x00000024   Code   RO         1868    .text               mc_w.l(init.o)
    0x08007850   0x08007850   0x00000056   Code   RO         1880    .text               mc_w.l(__dczerorl2.o)
    0x080078a6   0x080078a6   0x00000002   PAD
    0x080078a8   0x080078a8   0x00000028   Code   RO         1760    i.__0sprintf        mc_w.l(printfa.o)
    0x080078d0   0x080078d0   0x0000000e   Code   RO         1874    i.__scatterload_copy  mc_w.l(handlers.o)
    0x080078de   0x080078de   0x00000002   Code   RO         1875    i.__scatterload_null  mc_w.l(handlers.o)
    0x080078e0   0x080078e0   0x0000000e   Code   RO         1876    i.__scatterload_zeroinit  mc_w.l(handlers.o)
    0x080078ee   0x080078ee   0x00000002   PAD
    0x080078f0   0x080078f0   0x00000164   Code   RO         1765    i._fp_digits        mc_w.l(printfa.o)
    0x08007a54   0x08007a54   0x000006dc   Code   RO         1766    i._printf_core      mc_w.l(printfa.o)
    0x08008130   0x08008130   0x00000024   Code   RO         1767    i._printf_post_padding  mc_w.l(printfa.o)
    0x08008154   0x08008154   0x0000002e   Code   RO         1768    i._printf_pre_padding  mc_w.l(printfa.o)
    0x08008182   0x08008182   0x0000000a   Code   RO         1770    i._sputc            mc_w.l(printfa.o)
    0x0800818c   0x0800818c   0x00000050   Code   RO         1786    i.free              mc_w.l(malloc.o)
    0x080081dc   0x080081dc   0x0000006c   Code   RO         1787    i.malloc            mc_w.l(malloc.o)
    0x08008248   0x08008248   0x000017c0   Data   RO          462    .constdata          oled.o
    0x08009a08   0x08009a08   0x00000020   Data   RO         1872    Region$$Table       anon$$obj.o


    Execution Region RW_IRAM1 (Exec base: 0x20000000, Load base: 0x08009a28, Size: 0x000019f8, Max: 0x00020000, ABSOLUTE, COMPRESSED[0x000000e0])

    Exec Addr    Load Addr    Size         Type   Attr      Idx    E Section Name        Object

    0x20000000   COMPRESSED   0x000000a0   Data   RW            6    .data               control.o
    0x200000a0   COMPRESSED   0x00000001   Data   RW          218    .data               key.o
    0x200000a1   COMPRESSED   0x00000003   PAD
    0x200000a4   COMPRESSED   0x00000004   Data   RW          242    .data               main.o
    0x200000a8   COMPRESSED   0x00000014   Data   RW          324    .data               system_stm32f4xx.o
    0x200000bc   COMPRESSED   0x00000004   Data   RW          368    .data               delay.o
    0x200000c0   COMPRESSED   0x000000c0   Data   RW          463    .data               oled.o
    0x20000180   COMPRESSED   0x00000014   Data   RW          521    .data               usart2_dma.o
    0x20000194   COMPRESSED   0x000000c0   Data   RW          644    .data               ultrasonic.o
    0x20000254   COMPRESSED   0x00000004   Data   RW          645    .data               ultrasonic.o
    0x20000258   COMPRESSED   0x00000004   Data   RW          646    .data               ultrasonic.o
    0x2000025c   COMPRESSED   0x00000004   Data   RW          647    .data               ultrasonic.o
    0x20000260   COMPRESSED   0x00000004   Data   RW          648    .data               ultrasonic.o
    0x20000264   COMPRESSED   0x00000004   Data   RW          649    .data               ultrasonic.o
    0x20000268   COMPRESSED   0x00000004   Data   RW          650    .data               ultrasonic.o
    0x2000026c   COMPRESSED   0x00000008   Data   RW          703    .data               encoder.o
    0x20000274   COMPRESSED   0x00000014   Data   RW          746    .data               filter.o
    0x20000288   COMPRESSED   0x00000010   Data   RW         1312    .data               stm32f4xx_rcc.o
    0x20000298   COMPRESSED   0x00000004   Data   RW         1855    .data               mc_w.l(mvars.o)
    0x2000029c   COMPRESSED   0x00000004   Data   RW         1856    .data               mc_w.l(mvars.o)
    0x200002a0        -       0x00000014   Zero   RW            4    .bss                control.o
    0x200002b4        -       0x0000094c   Zero   RW          390    .bss                pid.o
    0x20000c00        -       0x00000400   Zero   RW          461    .bss                oled.o
    0x20001000        -       0x00000050   Zero   RW          493    .bss                usart1_dma.o
    0x20001050        -       0x00000016   Zero   RW          520    .bss                usart2_dma.o
    0x20001066        -       0x00000050   Zero   RW          549    .bss                usart3_dma.o
    0x200010b6        -       0x00000050   Zero   RW          576    .bss                uart4_dma.o
    0x20001106   COMPRESSED   0x00000002   PAD
    0x20001108        -       0x00000270   Zero   RW          643    .bss                ultrasonic.o
    0x20001378        -       0x00000080   Zero   RW          702    .bss                encoder.o
    0x200013f8        -       0x00000200   Zero   RW          790    HEAP                startup_stm32f40_41xxx.o
    0x200015f8        -       0x00000400   Zero   RW          789    STACK               startup_stm32f40_41xxx.o


==============================================================================

Image component sizes


      Code (inc. data)   RO Data    RW Data    ZI Data      Debug   Object Name

      2956        252          0        160         20     304831   control.o
       184          4          0          4          0       1321   delay.o
       816         36          0          8        128       3458   encoder.o
      1404         68          0         20          0       5014   filter.o
       208         14          0          0          0        630   io.o
       216         12          0          1          0        892   key.o
        52          4          0          0          0        527   led.o
      1104        224          0          4          0       1355   main.o
       176         12          0          0          0       1757   misc.o
      1008         92          0          0          0       2341   motor.o
      1696         52       6080        192       1024       6173   oled.o
      5328        462          0          0       2380      13071   pid.o
      1264         88          0          0          0       2950   servo.o
        36          8        392          0       1536        820   startup_stm32f40_41xxx.o
       800         32          0          0          0       5993   stm32f4xx_dma.o
       524         44          0          0          0       3733   stm32f4xx_gpio.o
        18          0          0          0          0       1206   stm32f4xx_it.o
      1152         48          0         16          0      11520   stm32f4xx_rcc.o
      2524         52          0          0          0      18238   stm32f4xx_tim.o
       856         32          0          0          0       6716   stm32f4xx_usart.o
       380         36          0         20          0       1807   system_stm32f4xx.o
        96          6          0          0          0        624   timer7.o
       868         28          0          0         80       4110   uart4_dma.o
      2492         88          0        216        624       8347   ultrasonic.o
       864         26          0          0         80       4114   usart1_dma.o
       864         54          0         20         22       2876   usart2_dma.o
       880         24          0          0         80       4102   usart3_dma.o

    ----------------------------------------------------------------------
     28768       1798       6504        664       5976     418526   Object Totals
         0          0         32          0          0          0   (incl. Generated)
         2          0          0          3          2          0   (incl. Padding)

    ----------------------------------------------------------------------

      Code (inc. data)   RO Data    RW Data    ZI Data      Debug   Library Member Name

        86          0          0          0          0          0   __dczerorl2.o
         0          0          0          0          0          0   entry.o
         0          0          0          0          0          0   entry10a.o
         0          0          0          0          0          0   entry11a.o
         8          4          0          0          0          0   entry2.o
         4          0          0          0          0          0   entry5.o
         0          0          0          0          0          0   entry7b.o
         0          0          0          0          0          0   entry8b.o
         8          4          0          0          0          0   entry9a.o
        30          0          0          0          0          0   handlers.o
        36          8          0          0          0         68   init.o
         0          0          0          0          0          0   iusefp.o
        30          0          0          0          0         68   llshl.o
        36          0          0          0          0         68   llsshr.o
        32          0          0          0          0         68   llushr.o
       188         20          0          0          0        160   malloc.o
         0          0          0          8          0          0   mvars.o
      2244         86          0          0          0        512   printfa.o
         8          0          0          0          0         68   siabs.o
        14          0          0          0          0         68   strlen.o
        44          0          0          0          0         80   uidiv.o
        98          0          0          0          0         92   uldiv.o
        48          0          0          0          0         68   cdrcmple.o
        56          0          0          0          0         88   d2f.o
       334          0          0          0          0        148   dadd.o
       222          0          0          0          0        100   ddiv.o
       186          0          0          0          0        176   depilogue.o
        50          0          0          0          0         76   dfixui.o
        48          0          0          0          0         68   dfixul.o
       228          0          0          0          0         96   dmul.o
        38          0          0          0          0         68   f2d.o
       110          0          0          0          0        168   fepilogue.o

    ----------------------------------------------------------------------
      4192        122          0          8          0       2308   Library Totals
         6          0          0          0          0          0   (incl. Padding)

    ----------------------------------------------------------------------

      Code (inc. data)   RO Data    RW Data    ZI Data      Debug   Library Name

      2866        122          0          8          0       1252   mc_w.l
      1320          0          0          0          0       1056   mf_w.l

    ----------------------------------------------------------------------
      4192        122          0          8          0       2308   Library Totals

    ----------------------------------------------------------------------

==============================================================================


      Code (inc. data)   RO Data    RW Data    ZI Data      Debug   

     32960       1920       6504        672       5976     414474   Grand Totals
     32960       1920       6504        224       5976     414474   ELF Image Totals (compressed)
     32960       1920       6504        224          0          0   ROM Totals

==============================================================================

    Total RO  Size (Code + RO Data)                39464 (  38.54kB)
    Total RW  Size (RW Data + ZI Data)              6648 (   6.49kB)
    Total ROM Size (Code + RO Data + RW Data)      39688 (  38.76kB)

==============================================================================

