<html>
<body>
<pre>
<h1>礦ision Build Log</h1>
<h2>Tool Versions:</h2>
IDE-Version: μVision V5.25.3.0
Copyright (C) 2018 ARM Ltd and ARM Germany GmbH. All rights reserved.
License Information: Baren Wang, 1, LIC=QF82M-XAK6F-SB9EJ-UKP3L-M33TJ-XXM6J
 
Tool Versions:
Toolchain:       MDK-ARM Plus  Version: 5.14.0.0
Toolchain Path:  E:\Keil5\ARM\ARMCC\bin\
C Compiler:      Armcc.exe V5.05 update 1 (build 106)
Assembler:       Armasm.exe V5.05 update 1 (build 106)
Linker/Locator:  ArmLink.exe V5.05 update 1 (build 106)
Library Manager: ArmAr.exe V5.05 update 1 (build 106)
Hex Converter:   FromElf.exe V5.05 update 1 (build 106)
CPU DLL:         SARMCM3.DLL V5.14.0.0
Dialog DLL:      DCM.DLL V1.13.1.0
Target DLL:      CMSIS_AGDI.dll V1.21.0.0
Dialog DLL:      TCM.DLL V1.14.4.0
 
<h2>Project:</h2>
D:\农装\主控\第十届主控代码V2.2\USER\Prayer.uvprojx
Project File Date:  05/13/2025

<h2>Output:</h2>
*** Using Compiler '', folder: 'E:\Keil5\ARM\ARMCC\bin\'
Rebuild target 'Prayer'
compiling sys.c...
compiling system_stm32f4xx.c...
compiling delay.c...
compiling key.c...
compiling main.c...
..\SYSTEM\CONTROL\control.h(56): warning:  #1295-D: Deprecated declaration Detect_Flag_Mv - give arg types
  void Detect_Flag_Mv();
..\SYSTEM\CONTROL\control.h(58): warning:  #1295-D: Deprecated declaration LightStop - give arg types
  uint8_t LightStop();
..\HARDWARE\IO\io.h(10): warning:  #1295-D: Deprecated declaration IO_init - give arg types
  void IO_init();
..\HARDWARE\IO\io.h(12): warning:  #1-D: last line of file ends without a newline
  #endif
main.c(126): warning:  #1035-D: single-precision operand implicitly converted to double-precision
  				case 1: Add_Encoder_2 	+= 0.3; Add_Encoder_Oled += 0.3; break;
main.c(126): warning:  #1035-D: single-precision operand implicitly converted to double-precision
  				case 1: Add_Encoder_2 	+= 0.3; Add_Encoder_Oled += 0.3; break;
main.c(127): warning:  #1035-D: single-precision operand implicitly converted to double-precision
  				case 2: Add_Encoder_4 	+= 0.2; Add_Encoder_Oled += 0.2; break;
main.c(127): warning:  #1035-D: single-precision operand implicitly converted to double-precision
  				case 2: Add_Encoder_4 	+= 0.2; Add_Encoder_Oled += 0.2; break;
main.c(128): warning:  #1035-D: single-precision operand implicitly converted to double-precision
  				case 3: Add_Encoder_6 	+= 0.3; Add_Encoder_Oled += 0.3; break;
main.c(128): warning:  #1035-D: single-precision operand implicitly converted to double-precision
  				case 3: Add_Encoder_6 	+= 0.3; Add_Encoder_Oled += 0.3; break;
main.c(129): warning:  #1035-D: single-precision operand implicitly converted to double-precision
  				case 4: Add_Encoder_8 	+= 0.2; Add_Encoder_Oled += 0.2; break;
main.c(129): warning:  #1035-D: single-precision operand implicitly converted to double-precision
  				case 4: Add_Encoder_8 	+= 0.2; Add_Encoder_Oled += 0.2; break;
main.c(130): warning:  #1035-D: single-precision operand implicitly converted to double-precision
  				case 5: Add_Encoder_10 	+= 0.3; Add_Encoder_Oled += 0.3; break;
main.c(130): warning:  #1035-D: single-precision operand implicitly converted to double-precision
  				case 5: Add_Encoder_10 	+= 0.3; Add_Encoder_Oled += 0.3; break;
main.c(131): warning:  #1035-D: single-precision operand implicitly converted to double-precision
  				case 6: Add_Encoder_Last+= 1.0; Add_Encoder_Oled += 1.0; break;
main.c(131): warning:  #1035-D: single-precision operand implicitly converted to double-precision
  				case 6: Add_Encoder_Last+= 1.0; Add_Encoder_Oled += 1.0; break;
main.c(171): warning:  #1035-D: single-precision operand implicitly converted to double-precision
  				case 1: Add_Encoder_2 	+= 0.8; Add_Encoder_Oled += 0.8; break;
main.c(171): warning:  #1035-D: single-precision operand implicitly converted to double-precision
  				case 1: Add_Encoder_2 	+= 0.8; Add_Encoder_Oled += 0.8; break;
main.c(172): warning:  #1035-D: single-precision operand implicitly converted to double-precision
  				case 2: Add_Encoder_4 	+= 0.55; Add_Encoder_Oled += 0.55; break;
main.c(172): warning:  #1035-D: single-precision operand implicitly converted to double-precision
  				case 2: Add_Encoder_4 	+= 0.55; Add_Encoder_Oled += 0.55; break;
main.c(173): warning:  #1035-D: single-precision operand implicitly converted to double-precision
  				case 3: Add_Encoder_6 	+= 0.8; Add_Encoder_Oled += 0.8; break;
main.c(173): warning:  #1035-D: single-precision operand implicitly converted to double-precision
  				case 3: Add_Encoder_6 	+= 0.8; Add_Encoder_Oled += 0.8; break;
main.c(174): warning:  #1035-D: single-precision operand implicitly converted to double-precision
  				case 4: Add_Encoder_8 	+= 0.55; Add_Encoder_Oled += 0.55; break;
main.c(174): warning:  #1035-D: single-precision operand implicitly converted to double-precision
  				case 4: Add_Encoder_8 	+= 0.55; Add_Encoder_Oled += 0.55; break;
main.c(175): warning:  #1035-D: single-precision operand implicitly converted to double-precision
  				case 5: Add_Encoder_10 	+= 0.8; Add_Encoder_Oled += 0.8; break;
main.c(175): warning:  #1035-D: single-precision operand implicitly converted to double-precision
  				case 5: Add_Encoder_10 	+= 0.8; Add_Encoder_Oled += 0.8; break;
main.c(176): warning:  #1035-D: single-precision operand implicitly converted to double-precision
  				case 6: Add_Encoder_Last+= 2.0; Add_Encoder_Oled += 2.0; break;
main.c(176): warning:  #1035-D: single-precision operand implicitly converted to double-precision
  				case 6: Add_Encoder_Last+= 2.0; Add_Encoder_Oled += 2.0; break;
main.c(32): warning:  #177-D: variable "yaw_t" was declared but never referenced
  	float yaw_t;
main.c: 29 warnings, 0 errors
compiling control.c...
..\SYSTEM\CONTROL\control.h(56): warning:  #1295-D: Deprecated declaration Detect_Flag_Mv - give arg types
  void Detect_Flag_Mv();
..\SYSTEM\CONTROL\control.h(58): warning:  #1295-D: Deprecated declaration LightStop - give arg types
  uint8_t LightStop();
..\HARDWARE\IO\io.h(10): warning:  #1295-D: Deprecated declaration IO_init - give arg types
  void IO_init();
..\HARDWARE\IO\io.h(12): warning:  #1-D: last line of file ends without a newline
  #endif
..\SYSTEM\CONTROL\control.c(270): warning:  #1035-D: single-precision operand implicitly converted to double-precision
  							SpeedL1_Base *= 0.625;	//0.75
..\SYSTEM\CONTROL\control.c(271): warning:  #1035-D: single-precision operand implicitly converted to double-precision
  							SpeedR1_Base *= 0.625;
..\SYSTEM\CONTROL\control.c(272): warning:  #1035-D: single-precision operand implicitly converted to double-precision
  							SpeedL2_Base *= 0.625;
..\SYSTEM\CONTROL\control.c(273): warning:  #1035-D: single-precision operand implicitly converted to double-precision
  							SpeedR2_Base *= 0.625;
..\SYSTEM\CONTROL\control.c(118): warning:  #177-D: variable "lamp_1000ms" was declared but never referenced
      static u16 lamp_1000ms;
..\SYSTEM\CONTROL\control.c(833): warning:  #177-D: variable "disB_desired" was declared but never referenced
      static float	disA_desired, disB_desired;//调距离，编码器
..\SYSTEM\CONTROL\control.c(980): warning:  #1035-D: single-precision operand implicitly converted to double-precision
          SpeedL1_Base *= 0.15;
..\SYSTEM\CONTROL\control.c(981): warning:  #1035-D: single-precision operand implicitly converted to double-precision
          SpeedR1_Base *= 0.15;
..\SYSTEM\CONTROL\control.c(982): warning:  #1035-D: single-precision operand implicitly converted to double-precision
          SpeedL2_Base *= 0.15;
..\SYSTEM\CONTROL\control.c(983): warning:  #1035-D: single-precision operand implicitly converted to double-precision
          SpeedR2_Base *= 0.15;	//0.3
..\SYSTEM\CONTROL\control.c: 14 warnings, 0 errors
compiling stm32f4xx_it.c...
compiling pid.c...
..\SYSTEM\CONTROL\control.h(56): warning:  #1295-D: Deprecated declaration Detect_Flag_Mv - give arg types
  void Detect_Flag_Mv();
..\SYSTEM\CONTROL\control.h(58): warning:  #1295-D: Deprecated declaration LightStop - give arg types
  uint8_t LightStop();
..\SYSTEM\PID\pid.c(942): warning:  #1035-D: single-precision operand implicitly converted to double-precision
  			Servo1_Increase = 0.7*PID_L1_Left_Servo.out;
..\SYSTEM\PID\pid.c(943): warning:  #1035-D: single-precision operand implicitly converted to double-precision
  	    Servo3_Increase = 0.7*PID_L1_Left_Servo.out;  
..\SYSTEM\PID\pid.c(953): warning:  #1035-D: single-precision operand implicitly converted to double-precision
  			Servo1_Increase = 0.7*PID_L1_Left_Servo.out;
..\SYSTEM\PID\pid.c(954): warning:  #1035-D: single-precision operand implicitly converted to double-precision
  	    Servo3_Increase = 0.7*PID_L1_Left_Servo.out;  
..\SYSTEM\PID\pid.c(969): warning:  #1035-D: single-precision operand implicitly converted to double-precision
  			Servo2_Increase = 0.7*PID_L1_Left_Servo.out;
..\SYSTEM\PID\pid.c(970): warning:  #1035-D: single-precision operand implicitly converted to double-precision
  	    Servo4_Increase = 0.7*PID_L1_Left_Servo.out; 
..\SYSTEM\PID\pid.c(980): warning:  #1035-D: single-precision operand implicitly converted to double-precision
  			Servo2_Increase = 0.7*PID_L1_Left_Servo.out;
..\SYSTEM\PID\pid.c(981): warning:  #1035-D: single-precision operand implicitly converted to double-precision
  	    Servo4_Increase = 0.7*PID_L1_Left_Servo.out; 
..\SYSTEM\PID\pid.c(1252): warning:  #1035-D: single-precision operand implicitly converted to double-precision
  			Servo1_Increase = 0.9*PID_L1_Left_Servo.out;
..\SYSTEM\PID\pid.c(1253): warning:  #1035-D: single-precision operand implicitly converted to double-precision
  	    Servo3_Increase = 0.9*PID_L1_Left_Servo.out;  
..\SYSTEM\PID\pid.c(1263): warning:  #1035-D: single-precision operand implicitly converted to double-precision
  			Servo1_Increase = 0.9*PID_L1_Left_Servo.out;
..\SYSTEM\PID\pid.c(1264): warning:  #1035-D: single-precision operand implicitly converted to double-precision
  	    Servo3_Increase = 0.9*PID_L1_Left_Servo.out;  
..\SYSTEM\PID\pid.c(1279): warning:  #1035-D: single-precision operand implicitly converted to double-precision
  			Servo2_Increase = 0.9*PID_L1_Left_Servo.out;
..\SYSTEM\PID\pid.c(1280): warning:  #1035-D: single-precision operand implicitly converted to double-precision
  	    Servo4_Increase = 0.9*PID_L1_Left_Servo.out; 
..\SYSTEM\PID\pid.c(1290): warning:  #1035-D: single-precision operand implicitly converted to double-precision
  			Servo2_Increase = 0.9*PID_L1_Left_Servo.out;
..\SYSTEM\PID\pid.c(1291): warning:  #1035-D: single-precision operand implicitly converted to double-precision
  	    Servo4_Increase = 0.9*PID_L1_Left_Servo.out; 
..\SYSTEM\PID\pid.c(1298): warning:  #1-D: last line of file ends without a newline
  }
..\SYSTEM\PID\pid.c: 19 warnings, 0 errors
compiling led.c...
compiling oled.c...
compiling beep.c...
compiling usart2_dma.c...
..\HARDWARE\USART2_DMA\usart2_dma.c(157): warning:  #550-D: variable "t" was set but never used
  	int t;
..\HARDWARE\USART2_DMA\usart2_dma.c: 1 warning, 0 errors
compiling usart1_dma.c...
..\HARDWARE\USART1_DMA\usart1_dma.c(211): warning:  #550-D: variable "t" was set but never used
  	int t;
..\HARDWARE\USART1_DMA\usart1_dma.c: 1 warning, 0 errors
compiling usart3_dma.c...
..\HARDWARE\USART3_DMA\usart3_dma.c(211): warning:  #550-D: variable "t" was set but never used
  	int t;
..\HARDWARE\USART3_DMA\usart3_dma.c: 1 warning, 0 errors
compiling timer7.c...
compiling uart4_dma.c...
..\HARDWARE\UART4_DMA\uart4_dma.c(211): warning:  #550-D: variable "t" was set but never used
  	int t;
..\HARDWARE\UART4_DMA\uart4_dma.c: 1 warning, 0 errors
assembling startup_stm32f40_41xxx.s...
compiling servo.c...
..\SYSTEM\CONTROL\control.h(56): warning:  #1295-D: Deprecated declaration Detect_Flag_Mv - give arg types
  void Detect_Flag_Mv();
..\SYSTEM\CONTROL\control.h(58): warning:  #1295-D: Deprecated declaration LightStop - give arg types
  uint8_t LightStop();
..\HARDWARE\SERVO\servo.c(126): warning:  #1035-D: single-precision operand implicitly converted to double-precision
  	angle_CCR = angle * 7.4 + 500.0f;		//180°舵机时angle * 11.1 (11.1 = 2000/180)
..\HARDWARE\SERVO\servo.c(141): warning:  #1035-D: single-precision operand implicitly converted to double-precision
  	angle_CCR = angle * 7.4 + 500.0f;
..\HARDWARE\SERVO\servo.c(156): warning:  #1035-D: single-precision operand implicitly converted to double-precision
  	angle_CCR = angle * 7.4 + 500.0f;
..\HARDWARE\SERVO\servo.c(171): warning:  #1035-D: single-precision operand implicitly converted to double-precision
  	angle_CCR = angle * 7.4 + 500.0f;
..\HARDWARE\SERVO\servo.c(186): warning:  #1035-D: single-precision operand implicitly converted to double-precision
  	angle_CCR = angle * 7.4 + 500.0f;
..\HARDWARE\SERVO\servo.c(201): warning:  #1035-D: single-precision operand implicitly converted to double-precision
  	angle_CCR = angle * 7.4 + 500;
..\HARDWARE\SERVO\servo.c(216): warning:  #1035-D: single-precision operand implicitly converted to double-precision
  	angle_CCR = angle * 7.4 + 500.0f;
..\HARDWARE\SERVO\servo.c(231): warning:  #1035-D: single-precision operand implicitly converted to double-precision
  	angle_CCR = angle * 7.4 + 500.0f;
..\HARDWARE\SERVO\servo.c: 10 warnings, 0 errors
compiling TFLuna.c...
compiling io.c...
..\HARDWARE\IO\io.h(10): warning:  #1295-D: Deprecated declaration IO_init - give arg types
  void IO_init();
..\HARDWARE\IO\io.h(12): warning:  #1-D: last line of file ends without a newline
  #endif
..\HARDWARE\IO\io.c: 2 warnings, 0 errors
compiling encoder.c...
compiling filter.c...
..\SYSTEM\CONTROL\control.h(56): warning:  #1295-D: Deprecated declaration Detect_Flag_Mv - give arg types
  void Detect_Flag_Mv();
..\SYSTEM\CONTROL\control.h(58): warning:  #1295-D: Deprecated declaration LightStop - give arg types
  uint8_t LightStop();
..\HARDWARE\FILTER\filter.c(401): warning:  #223-D: function "abs" declared implicitly
  		if(abs(ultra_F1.DIS-ultra_F1DISLast)>80)
..\HARDWARE\FILTER\filter.c(408): warning:  #223-D: function "abs" declared implicitly
  		if(abs(ultra_F2.DIS-ultra_F2DISLast)>80)
..\HARDWARE\FILTER\filter.c(415): warning:  #223-D: function "abs" declared implicitly
  		if(abs(ultra_L1.DIS-ultra_L1DISLast)>80)
..\HARDWARE\FILTER\filter.c(422): warning:  #223-D: function "abs" declared implicitly
  		if(abs(ultra_L2.DIS-ultra_L2DISLast)>80)
..\HARDWARE\FILTER\filter.c(429): warning:  #223-D: function "abs" declared implicitly
  		if(abs(ultra_R1.DIS-ultra_R1DISLast)>80)
..\HARDWARE\FILTER\filter.c(436): warning:  #223-D: function "abs" declared implicitly
  		if(abs(ultra_R2.DIS-ultra_R2DISLast)>80)
..\HARDWARE\FILTER\filter.c: 8 warnings, 0 errors
compiling ultrasonic.c...
compiling motor.c...
..\SYSTEM\CONTROL\control.h(56): warning:  #1295-D: Deprecated declaration Detect_Flag_Mv - give arg types
  void Detect_Flag_Mv();
..\SYSTEM\CONTROL\control.h(58): warning:  #1295-D: Deprecated declaration LightStop - give arg types
  uint8_t LightStop();
..\HARDWARE\MOTOR\motor.c: 2 warnings, 0 errors
compiling misc.c...
compiling stm32f4xx_crc.c...
compiling stm32f4xx_cryp.c...
compiling stm32f4xx_cryp_des.c...
compiling stm32f4xx_adc.c...
compiling stm32f4xx_cryp_tdes.c...
compiling stm32f4xx_can.c...
compiling stm32f4xx_cryp_aes.c...
compiling stm32f4xx_dac.c...
compiling stm32f4xx_exti.c...
compiling stm32f4xx_dcmi.c...
compiling stm32f4xx_dbgmcu.c...
compiling stm32f4xx_dma2d.c...
compiling stm32f4xx_dma.c...
compiling stm32f4xx_flash.c...
compiling stm32f4xx_flash_ramfunc.c...
compiling stm32f4xx_gpio.c...
compiling stm32f4xx_hash.c...
compiling stm32f4xx_hash_md5.c...
compiling stm32f4xx_fsmc.c...
compiling stm32f4xx_iwdg.c...
compiling stm32f4xx_hash_sha1.c...
compiling stm32f4xx_i2c.c...
compiling stm32f4xx_ltdc.c...
compiling stm32f4xx_rng.c...
compiling stm32f4xx_pwr.c...
compiling stm32f4xx_rcc.c...
compiling stm32f4xx_sai.c...
compiling stm32f4xx_syscfg.c...
compiling stm32f4xx_spi.c...
compiling stm32f4xx_sdio.c...
compiling stm32f4xx_rtc.c...
compiling stm32f4xx_wwdg.c...
compiling stm32f4xx_usart.c...
compiling stm32f4xx_tim.c...
linking...
Program Size: Code=32960 RO-data=6504 RW-data=672 ZI-data=5976  
FromELF: creating hex file...
"..\OBJ\Prayer.axf" - 0 Error(s), 88 Warning(s).

<h2>Software Packages used:</h2>

Package Vendor: Keil
                http://www.keil.com/pack/Keil.STM32F4xx_DFP.2.15.0.pack
                Keil.STM32F4xx_DFP.2.15.0
                STMicroelectronics STM32F4 Series Device Support, Drivers and Examples

<h2>Collection of Component include folders:</h2>
  .\RTE\_Prayer
  E:\Keil5\ARM\PACK\Keil\STM32F4xx_DFP\2.15.0\Drivers\CMSIS\Device\ST\STM32F4xx\Include

<h2>Collection of Component Files used:</h2>
Build Time Elapsed:  00:00:07
</pre>
</body>
</html>
